<?xml version="1.0"?>
<link_info>
   <banner>MSP430 Linker PC v4.4.5</banner>
   <copyright>Copyright (c) 2003-2015 Texas Instruments Incorporated</copyright>
   <link_time>0x56130519</link_time>
   <link_errors>0x0</link_errors>
   <output_file>Ti_SigFox_SDK_Demo_v1_3_2.out</output_file>
   <entry_point>
      <name>_c_int00_noargs</name>
      <address>0x4540</address>
   </entry_point>
   <input_file_list>
      <input_file id="fl-2">
         <path>.\manufacturer_api\</path>
         <kind>object</kind>
         <file>manufacturer_api.obj</file>
         <name>manufacturer_api.obj</name>
      </input_file>
      <input_file id="fl-3">
         <path>.\driverlib\driverlib\MSP430F5xx_6xx\</path>
         <kind>object</kind>
         <file>adc10_a.obj</file>
         <name>adc10_a.obj</name>
      </input_file>
      <input_file id="fl-4">
         <path>.\driverlib\driverlib\MSP430F5xx_6xx\</path>
         <kind>object</kind>
         <file>adc12_a.obj</file>
         <name>adc12_a.obj</name>
      </input_file>
      <input_file id="fl-5">
         <path>.\driverlib\driverlib\MSP430F5xx_6xx\</path>
         <kind>object</kind>
         <file>aes.obj</file>
         <name>aes.obj</name>
      </input_file>
      <input_file id="fl-6">
         <path>.\driverlib\driverlib\MSP430F5xx_6xx\</path>
         <kind>object</kind>
         <file>battbak.obj</file>
         <name>battbak.obj</name>
      </input_file>
      <input_file id="fl-7">
         <path>.\driverlib\driverlib\MSP430F5xx_6xx\</path>
         <kind>object</kind>
         <file>comp_b.obj</file>
         <name>comp_b.obj</name>
      </input_file>
      <input_file id="fl-8">
         <path>.\driverlib\driverlib\MSP430F5xx_6xx\</path>
         <kind>object</kind>
         <file>crc.obj</file>
         <name>crc.obj</name>
      </input_file>
      <input_file id="fl-9">
         <path>.\driverlib\driverlib\MSP430F5xx_6xx\</path>
         <kind>object</kind>
         <file>ctsd16.obj</file>
         <name>ctsd16.obj</name>
      </input_file>
      <input_file id="fl-a">
         <path>.\driverlib\driverlib\MSP430F5xx_6xx\</path>
         <kind>object</kind>
         <file>dac12_a.obj</file>
         <name>dac12_a.obj</name>
      </input_file>
      <input_file id="fl-b">
         <path>.\driverlib\driverlib\MSP430F5xx_6xx\</path>
         <kind>object</kind>
         <file>dma.obj</file>
         <name>dma.obj</name>
      </input_file>
      <input_file id="fl-c">
         <path>.\driverlib\driverlib\MSP430F5xx_6xx\</path>
         <kind>object</kind>
         <file>eusci_a_spi.obj</file>
         <name>eusci_a_spi.obj</name>
      </input_file>
      <input_file id="fl-d">
         <path>.\driverlib\driverlib\MSP430F5xx_6xx\</path>
         <kind>object</kind>
         <file>eusci_a_uart.obj</file>
         <name>eusci_a_uart.obj</name>
      </input_file>
      <input_file id="fl-e">
         <path>.\driverlib\driverlib\MSP430F5xx_6xx\</path>
         <kind>object</kind>
         <file>eusci_b_i2c.obj</file>
         <name>eusci_b_i2c.obj</name>
      </input_file>
      <input_file id="fl-f">
         <path>.\driverlib\driverlib\MSP430F5xx_6xx\</path>
         <kind>object</kind>
         <file>eusci_b_spi.obj</file>
         <name>eusci_b_spi.obj</name>
      </input_file>
      <input_file id="fl-10">
         <path>.\driverlib\driverlib\MSP430F5xx_6xx\</path>
         <kind>object</kind>
         <file>flashctl.obj</file>
         <name>flashctl.obj</name>
      </input_file>
      <input_file id="fl-11">
         <path>.\driverlib\driverlib\MSP430F5xx_6xx\</path>
         <kind>object</kind>
         <file>gpio.obj</file>
         <name>gpio.obj</name>
      </input_file>
      <input_file id="fl-12">
         <path>.\driverlib\driverlib\MSP430F5xx_6xx\</path>
         <kind>object</kind>
         <file>lcd_b.obj</file>
         <name>lcd_b.obj</name>
      </input_file>
      <input_file id="fl-13">
         <path>.\driverlib\driverlib\MSP430F5xx_6xx\</path>
         <kind>object</kind>
         <file>ldopwr.obj</file>
         <name>ldopwr.obj</name>
      </input_file>
      <input_file id="fl-14">
         <path>.\driverlib\driverlib\MSP430F5xx_6xx\</path>
         <kind>object</kind>
         <file>mpy32.obj</file>
         <name>mpy32.obj</name>
      </input_file>
      <input_file id="fl-15">
         <path>.\driverlib\driverlib\MSP430F5xx_6xx\</path>
         <kind>object</kind>
         <file>oa.obj</file>
         <name>oa.obj</name>
      </input_file>
      <input_file id="fl-16">
         <path>.\driverlib\driverlib\MSP430F5xx_6xx\</path>
         <kind>object</kind>
         <file>pmap.obj</file>
         <name>pmap.obj</name>
      </input_file>
      <input_file id="fl-17">
         <path>.\driverlib\driverlib\MSP430F5xx_6xx\</path>
         <kind>object</kind>
         <file>pmm.obj</file>
         <name>pmm.obj</name>
      </input_file>
      <input_file id="fl-18">
         <path>.\driverlib\driverlib\MSP430F5xx_6xx\</path>
         <kind>object</kind>
         <file>ram.obj</file>
         <name>ram.obj</name>
      </input_file>
      <input_file id="fl-19">
         <path>.\driverlib\driverlib\MSP430F5xx_6xx\</path>
         <kind>object</kind>
         <file>ref.obj</file>
         <name>ref.obj</name>
      </input_file>
      <input_file id="fl-1a">
         <path>.\driverlib\driverlib\MSP430F5xx_6xx\</path>
         <kind>object</kind>
         <file>rtc_a.obj</file>
         <name>rtc_a.obj</name>
      </input_file>
      <input_file id="fl-1b">
         <path>.\driverlib\driverlib\MSP430F5xx_6xx\</path>
         <kind>object</kind>
         <file>rtc_b.obj</file>
         <name>rtc_b.obj</name>
      </input_file>
      <input_file id="fl-1c">
         <path>.\driverlib\driverlib\MSP430F5xx_6xx\</path>
         <kind>object</kind>
         <file>rtc_c.obj</file>
         <name>rtc_c.obj</name>
      </input_file>
      <input_file id="fl-1d">
         <path>.\driverlib\driverlib\MSP430F5xx_6xx\</path>
         <kind>object</kind>
         <file>sd24_b.obj</file>
         <name>sd24_b.obj</name>
      </input_file>
      <input_file id="fl-1e">
         <path>.\driverlib\driverlib\MSP430F5xx_6xx\</path>
         <kind>object</kind>
         <file>sfr.obj</file>
         <name>sfr.obj</name>
      </input_file>
      <input_file id="fl-1f">
         <path>.\driverlib\driverlib\MSP430F5xx_6xx\</path>
         <kind>object</kind>
         <file>sysctl.obj</file>
         <name>sysctl.obj</name>
      </input_file>
      <input_file id="fl-20">
         <path>.\driverlib\driverlib\MSP430F5xx_6xx\</path>
         <kind>object</kind>
         <file>tec.obj</file>
         <name>tec.obj</name>
      </input_file>
      <input_file id="fl-21">
         <path>.\driverlib\driverlib\MSP430F5xx_6xx\</path>
         <kind>object</kind>
         <file>timer_a.obj</file>
         <name>timer_a.obj</name>
      </input_file>
      <input_file id="fl-22">
         <path>.\driverlib\driverlib\MSP430F5xx_6xx\</path>
         <kind>object</kind>
         <file>timer_b.obj</file>
         <name>timer_b.obj</name>
      </input_file>
      <input_file id="fl-23">
         <path>.\driverlib\driverlib\MSP430F5xx_6xx\</path>
         <kind>object</kind>
         <file>timer_d.obj</file>
         <name>timer_d.obj</name>
      </input_file>
      <input_file id="fl-24">
         <path>.\driverlib\driverlib\MSP430F5xx_6xx\</path>
         <kind>object</kind>
         <file>tlv.obj</file>
         <name>tlv.obj</name>
      </input_file>
      <input_file id="fl-25">
         <path>.\driverlib\driverlib\MSP430F5xx_6xx\</path>
         <kind>object</kind>
         <file>ucs.obj</file>
         <name>ucs.obj</name>
      </input_file>
      <input_file id="fl-26">
         <path>.\driverlib\driverlib\MSP430F5xx_6xx\</path>
         <kind>object</kind>
         <file>usci_a_spi.obj</file>
         <name>usci_a_spi.obj</name>
      </input_file>
      <input_file id="fl-27">
         <path>.\driverlib\driverlib\MSP430F5xx_6xx\</path>
         <kind>object</kind>
         <file>usci_a_uart.obj</file>
         <name>usci_a_uart.obj</name>
      </input_file>
      <input_file id="fl-28">
         <path>.\driverlib\driverlib\MSP430F5xx_6xx\</path>
         <kind>object</kind>
         <file>usci_b_i2c.obj</file>
         <name>usci_b_i2c.obj</name>
      </input_file>
      <input_file id="fl-29">
         <path>.\driverlib\driverlib\MSP430F5xx_6xx\</path>
         <kind>object</kind>
         <file>usci_b_spi.obj</file>
         <name>usci_b_spi.obj</name>
      </input_file>
      <input_file id="fl-2a">
         <path>.\driverlib\driverlib\MSP430F5xx_6xx\</path>
         <kind>object</kind>
         <file>wdt_a.obj</file>
         <name>wdt_a.obj</name>
      </input_file>
      <input_file id="fl-2b">
         <path>.\components\timer\</path>
         <kind>object</kind>
         <file>timer.obj</file>
         <name>timer.obj</name>
      </input_file>
      <input_file id="fl-2c">
         <path>.\components\targets\trxeb_msp430f5438a\</path>
         <kind>object</kind>
         <file>hal_spi_rf_trxeb.obj</file>
         <name>hal_spi_rf_trxeb.obj</name>
      </input_file>
      <input_file id="fl-2d">
         <path>.\components\radio\</path>
         <kind>object</kind>
         <file>radio.obj</file>
         <name>radio.obj</name>
      </input_file>
      <input_file id="fl-2e">
         <path>.\components\radio\</path>
         <kind>object</kind>
         <file>transmission.obj</file>
         <name>transmission.obj</name>
      </input_file>
      <input_file id="fl-2f">
         <path>.\components\nvm\</path>
         <kind>object</kind>
         <file>flash_drv.obj</file>
         <name>flash_drv.obj</name>
      </input_file>
      <input_file id="fl-30">
         <path>.\components\lcd\</path>
         <kind>object</kind>
         <file>lcd_dogm128_6.obj</file>
         <name>lcd_dogm128_6.obj</name>
      </input_file>
      <input_file id="fl-31">
         <path>.\components\lcd\</path>
         <kind>object</kind>
         <file>lcd_dogm128_6_alphabet.obj</file>
         <name>lcd_dogm128_6_alphabet.obj</name>
      </input_file>
      <input_file id="fl-32">
         <path>.\components\lcd\</path>
         <kind>object</kind>
         <file>lcd_trxeb.obj</file>
         <name>lcd_trxeb.obj</name>
      </input_file>
      <input_file id="fl-33">
         <path>.\components\interrupt\</path>
         <kind>object</kind>
         <file>trx_rf_int.obj</file>
         <name>trx_rf_int.obj</name>
      </input_file>
      <input_file id="fl-34">
         <path>.\components\hostcmd\</path>
         <kind>object</kind>
         <file>circ_buf.obj</file>
         <name>circ_buf.obj</name>
      </input_file>
      <input_file id="fl-35">
         <path>.\components\hostcmd\</path>
         <kind>object</kind>
         <file>host_cmd.obj</file>
         <name>host_cmd.obj</name>
      </input_file>
      <input_file id="fl-36">
         <path>.\components\hostcmd\</path>
         <kind>object</kind>
         <file>uart_drv.obj</file>
         <name>uart_drv.obj</name>
      </input_file>
      <input_file id="fl-37">
         <path>.\components\devices\cc112x\</path>
         <kind>object</kind>
         <file>cc112x_spi.obj</file>
         <name>cc112x_spi.obj</name>
      </input_file>
      <input_file id="fl-38">
         <path>.\components\common\</path>
         <kind>object</kind>
         <file>hal_digio2.obj</file>
         <name>hal_digio2.obj</name>
      </input_file>
      <input_file id="fl-39">
         <path>.\components\common\</path>
         <kind>object</kind>
         <file>hal_int.obj</file>
         <name>hal_int.obj</name>
      </input_file>
      <input_file id="fl-3a">
         <path>.\components\bsp\</path>
         <kind>object</kind>
         <file>bsp.obj</file>
         <name>bsp.obj</name>
      </input_file>
      <input_file id="fl-3b">
         <path>.\components\bsp\</path>
         <kind>object</kind>
         <file>bsp_key.obj</file>
         <name>bsp_key.obj</name>
      </input_file>
      <input_file id="fl-3c">
         <path>.\components\bsp\</path>
         <kind>object</kind>
         <file>bsp_led.obj</file>
         <name>bsp_led.obj</name>
      </input_file>
      <input_file id="fl-3d">
         <path>.\components\aes\</path>
         <kind>object</kind>
         <file>ti_aes_128.obj</file>
         <name>ti_aes_128.obj</name>
      </input_file>
      <input_file id="fl-3e">
         <path>.\apps\</path>
         <kind>object</kind>
         <file>sigfox_demo.obj</file>
         <name>sigfox_demo.obj</name>
      </input_file>
      <input_file id="fl-47">
         <path>..\sigfox_library_api\</path>
         <kind>archive</kind>
         <file>libsigfox.lib</file>
         <name>sigfox_frame.obj</name>
      </input_file>
      <input_file id="fl-48">
         <path>..\sigfox_library_api\</path>
         <kind>archive</kind>
         <file>libsigfox.lib</file>
         <name>sigfox_hmac.obj</name>
      </input_file>
      <input_file id="fl-49">
         <path>..\sigfox_library_api\</path>
         <kind>archive</kind>
         <file>libsigfox.lib</file>
         <name>sigfox_scramb.obj</name>
      </input_file>
      <input_file id="fl-4a">
         <path>..\sigfox_library_api\</path>
         <kind>archive</kind>
         <file>libsigfox.lib</file>
         <name>sigfox_Pn9.obj</name>
      </input_file>
      <input_file id="fl-4b">
         <path>..\sigfox_library_api\</path>
         <kind>archive</kind>
         <file>libsigfox.lib</file>
         <name>sigfox_crc.obj</name>
      </input_file>
      <input_file id="fl-4c">
         <path>..\sigfox_library_api\</path>
         <kind>archive</kind>
         <file>libsigfox.lib</file>
         <name>sigfox_decode.obj</name>
      </input_file>
      <input_file id="fl-4d">
         <path>..\sigfox_library_api\</path>
         <kind>archive</kind>
         <file>libsigfox.lib</file>
         <name>sigfox_bch.obj</name>
      </input_file>
      <input_file id="fl-7c">
         <path>C:\TI\ccsv6\tools\compiler\ti-cgt-msp430_4.4.5\lib\</path>
         <kind>archive</kind>
         <file>rts430x_lc_rd_eabi.lib</file>
         <name>assert.obj</name>
      </input_file>
      <input_file id="fl-7d">
         <path>C:\TI\ccsv6\tools\compiler\ti-cgt-msp430_4.4.5\lib\</path>
         <kind>archive</kind>
         <file>rts430x_lc_rd_eabi.lib</file>
         <name>boot.obj</name>
      </input_file>
      <input_file id="fl-7e">
         <path>C:\TI\ccsv6\tools\compiler\ti-cgt-msp430_4.4.5\lib\</path>
         <kind>archive</kind>
         <file>rts430x_lc_rd_eabi.lib</file>
         <name>boot_special.obj</name>
      </input_file>
      <input_file id="fl-7f">
         <path>C:\TI\ccsv6\tools\compiler\ti-cgt-msp430_4.4.5\lib\</path>
         <kind>archive</kind>
         <file>rts430x_lc_rd_eabi.lib</file>
         <name>copy_decompress_none.obj</name>
      </input_file>
      <input_file id="fl-80">
         <path>C:\TI\ccsv6\tools\compiler\ti-cgt-msp430_4.4.5\lib\</path>
         <kind>archive</kind>
         <file>rts430x_lc_rd_eabi.lib</file>
         <name>copy_decompress_rle.obj</name>
      </input_file>
      <input_file id="fl-81">
         <path>C:\TI\ccsv6\tools\compiler\ti-cgt-msp430_4.4.5\lib\</path>
         <kind>archive</kind>
         <file>rts430x_lc_rd_eabi.lib</file>
         <name>copy_zero_init.obj</name>
      </input_file>
      <input_file id="fl-82">
         <path>C:\TI\ccsv6\tools\compiler\ti-cgt-msp430_4.4.5\lib\</path>
         <kind>archive</kind>
         <file>rts430x_lc_rd_eabi.lib</file>
         <name>cvtdf.obj</name>
      </input_file>
      <input_file id="fl-83">
         <path>C:\TI\ccsv6\tools\compiler\ti-cgt-msp430_4.4.5\lib\</path>
         <kind>archive</kind>
         <file>rts430x_lc_rd_eabi.lib</file>
         <name>cvtfd.obj</name>
      </input_file>
      <input_file id="fl-84">
         <path>C:\TI\ccsv6\tools\compiler\ti-cgt-msp430_4.4.5\lib\</path>
         <kind>archive</kind>
         <file>rts430x_lc_rd_eabi.lib</file>
         <name>defs.obj</name>
      </input_file>
      <input_file id="fl-85">
         <path>C:\TI\ccsv6\tools\compiler\ti-cgt-msp430_4.4.5\lib\</path>
         <kind>archive</kind>
         <file>rts430x_lc_rd_eabi.lib</file>
         <name>div16s.obj</name>
      </input_file>
      <input_file id="fl-86">
         <path>C:\TI\ccsv6\tools\compiler\ti-cgt-msp430_4.4.5\lib\</path>
         <kind>archive</kind>
         <file>rts430x_lc_rd_eabi.lib</file>
         <name>div16u.obj</name>
      </input_file>
      <input_file id="fl-87">
         <path>C:\TI\ccsv6\tools\compiler\ti-cgt-msp430_4.4.5\lib\</path>
         <kind>archive</kind>
         <file>rts430x_lc_rd_eabi.lib</file>
         <name>div32s.obj</name>
      </input_file>
      <input_file id="fl-88">
         <path>C:\TI\ccsv6\tools\compiler\ti-cgt-msp430_4.4.5\lib\</path>
         <kind>archive</kind>
         <file>rts430x_lc_rd_eabi.lib</file>
         <name>div32u.obj</name>
      </input_file>
      <input_file id="fl-89">
         <path>C:\TI\ccsv6\tools\compiler\ti-cgt-msp430_4.4.5\lib\</path>
         <kind>archive</kind>
         <file>rts430x_lc_rd_eabi.lib</file>
         <name>exit.obj</name>
      </input_file>
      <input_file id="fl-8a">
         <path>C:\TI\ccsv6\tools\compiler\ti-cgt-msp430_4.4.5\lib\</path>
         <kind>archive</kind>
         <file>rts430x_lc_rd_eabi.lib</file>
         <name>exit_gvars.obj</name>
      </input_file>
      <input_file id="fl-8b">
         <path>C:\TI\ccsv6\tools\compiler\ti-cgt-msp430_4.4.5\lib\</path>
         <kind>archive</kind>
         <file>rts430x_lc_rd_eabi.lib</file>
         <name>fflush.obj</name>
      </input_file>
      <input_file id="fl-8c">
         <path>C:\TI\ccsv6\tools\compiler\ti-cgt-msp430_4.4.5\lib\</path>
         <kind>archive</kind>
         <file>rts430x_lc_rd_eabi.lib</file>
         <name>fixdul.obj</name>
      </input_file>
      <input_file id="fl-8d">
         <path>C:\TI\ccsv6\tools\compiler\ti-cgt-msp430_4.4.5\lib\</path>
         <kind>archive</kind>
         <file>rts430x_lc_rd_eabi.lib</file>
         <name>fltuld.obj</name>
      </input_file>
      <input_file id="fl-8e">
         <path>C:\TI\ccsv6\tools\compiler\ti-cgt-msp430_4.4.5\lib\</path>
         <kind>archive</kind>
         <file>rts430x_lc_rd_eabi.lib</file>
         <name>fputs.obj</name>
      </input_file>
      <input_file id="fl-8f">
         <path>C:\TI\ccsv6\tools\compiler\ti-cgt-msp430_4.4.5\lib\</path>
         <kind>archive</kind>
         <file>rts430x_lc_rd_eabi.lib</file>
         <name>fs_cmp.obj</name>
      </input_file>
      <input_file id="fl-90">
         <path>C:\TI\ccsv6\tools\compiler\ti-cgt-msp430_4.4.5\lib\</path>
         <kind>archive</kind>
         <file>rts430x_lc_rd_eabi.lib</file>
         <name>fs_mpy.obj</name>
      </input_file>
      <input_file id="fl-91">
         <path>C:\TI\ccsv6\tools\compiler\ti-cgt-msp430_4.4.5\lib\</path>
         <kind>archive</kind>
         <file>rts430x_lc_rd_eabi.lib</file>
         <name>fs_neg.obj</name>
      </input_file>
      <input_file id="fl-92">
         <path>C:\TI\ccsv6\tools\compiler\ti-cgt-msp430_4.4.5\lib\</path>
         <kind>archive</kind>
         <file>rts430x_lc_rd_eabi.lib</file>
         <name>fs_tol.obj</name>
      </input_file>
      <input_file id="fl-93">
         <path>C:\TI\ccsv6\tools\compiler\ti-cgt-msp430_4.4.5\lib\</path>
         <kind>archive</kind>
         <file>rts430x_lc_rd_eabi.lib</file>
         <name>int41.obj</name>
      </input_file>
      <input_file id="fl-94">
         <path>C:\TI\ccsv6\tools\compiler\ti-cgt-msp430_4.4.5\lib\</path>
         <kind>archive</kind>
         <file>rts430x_lc_rd_eabi.lib</file>
         <name>int43.obj</name>
      </input_file>
      <input_file id="fl-95">
         <path>C:\TI\ccsv6\tools\compiler\ti-cgt-msp430_4.4.5\lib\</path>
         <kind>archive</kind>
         <file>rts430x_lc_rd_eabi.lib</file>
         <name>int44.obj</name>
      </input_file>
      <input_file id="fl-96">
         <path>C:\TI\ccsv6\tools\compiler\ti-cgt-msp430_4.4.5\lib\</path>
         <kind>archive</kind>
         <file>rts430x_lc_rd_eabi.lib</file>
         <name>int45.obj</name>
      </input_file>
      <input_file id="fl-97">
         <path>C:\TI\ccsv6\tools\compiler\ti-cgt-msp430_4.4.5\lib\</path>
         <kind>archive</kind>
         <file>rts430x_lc_rd_eabi.lib</file>
         <name>int48.obj</name>
      </input_file>
      <input_file id="fl-98">
         <path>C:\TI\ccsv6\tools\compiler\ti-cgt-msp430_4.4.5\lib\</path>
         <kind>archive</kind>
         <file>rts430x_lc_rd_eabi.lib</file>
         <name>int50.obj</name>
      </input_file>
      <input_file id="fl-99">
         <path>C:\TI\ccsv6\tools\compiler\ti-cgt-msp430_4.4.5\lib\</path>
         <kind>archive</kind>
         <file>rts430x_lc_rd_eabi.lib</file>
         <name>int51.obj</name>
      </input_file>
      <input_file id="fl-9a">
         <path>C:\TI\ccsv6\tools\compiler\ti-cgt-msp430_4.4.5\lib\</path>
         <kind>archive</kind>
         <file>rts430x_lc_rd_eabi.lib</file>
         <name>int52.obj</name>
      </input_file>
      <input_file id="fl-9b">
         <path>C:\TI\ccsv6\tools\compiler\ti-cgt-msp430_4.4.5\lib\</path>
         <kind>archive</kind>
         <file>rts430x_lc_rd_eabi.lib</file>
         <name>int54.obj</name>
      </input_file>
      <input_file id="fl-9c">
         <path>C:\TI\ccsv6\tools\compiler\ti-cgt-msp430_4.4.5\lib\</path>
         <kind>archive</kind>
         <file>rts430x_lc_rd_eabi.lib</file>
         <name>int55.obj</name>
      </input_file>
      <input_file id="fl-9d">
         <path>C:\TI\ccsv6\tools\compiler\ti-cgt-msp430_4.4.5\lib\</path>
         <kind>archive</kind>
         <file>rts430x_lc_rd_eabi.lib</file>
         <name>int56.obj</name>
      </input_file>
      <input_file id="fl-9e">
         <path>C:\TI\ccsv6\tools\compiler\ti-cgt-msp430_4.4.5\lib\</path>
         <kind>archive</kind>
         <file>rts430x_lc_rd_eabi.lib</file>
         <name>int57.obj</name>
      </input_file>
      <input_file id="fl-9f">
         <path>C:\TI\ccsv6\tools\compiler\ti-cgt-msp430_4.4.5\lib\</path>
         <kind>archive</kind>
         <file>rts430x_lc_rd_eabi.lib</file>
         <name>int58.obj</name>
      </input_file>
      <input_file id="fl-a0">
         <path>C:\TI\ccsv6\tools\compiler\ti-cgt-msp430_4.4.5\lib\</path>
         <kind>archive</kind>
         <file>rts430x_lc_rd_eabi.lib</file>
         <name>int59.obj</name>
      </input_file>
      <input_file id="fl-a1">
         <path>C:\TI\ccsv6\tools\compiler\ti-cgt-msp430_4.4.5\lib\</path>
         <kind>archive</kind>
         <file>rts430x_lc_rd_eabi.lib</file>
         <name>int60.obj</name>
      </input_file>
      <input_file id="fl-a2">
         <path>C:\TI\ccsv6\tools\compiler\ti-cgt-msp430_4.4.5\lib\</path>
         <kind>archive</kind>
         <file>rts430x_lc_rd_eabi.lib</file>
         <name>int61.obj</name>
      </input_file>
      <input_file id="fl-a3">
         <path>C:\TI\ccsv6\tools\compiler\ti-cgt-msp430_4.4.5\lib\</path>
         <kind>archive</kind>
         <file>rts430x_lc_rd_eabi.lib</file>
         <name>int62.obj</name>
      </input_file>
      <input_file id="fl-a4">
         <path>C:\TI\ccsv6\tools\compiler\ti-cgt-msp430_4.4.5\lib\</path>
         <kind>archive</kind>
         <file>rts430x_lc_rd_eabi.lib</file>
         <name>isr_trap.obj</name>
      </input_file>
      <input_file id="fl-a5">
         <path>C:\TI\ccsv6\tools\compiler\ti-cgt-msp430_4.4.5\lib\</path>
         <kind>archive</kind>
         <file>rts430x_lc_rd_eabi.lib</file>
         <name>lowlev.obj</name>
      </input_file>
      <input_file id="fl-a6">
         <path>C:\TI\ccsv6\tools\compiler\ti-cgt-msp430_4.4.5\lib\</path>
         <kind>archive</kind>
         <file>rts430x_lc_rd_eabi.lib</file>
         <name>lsl16.obj</name>
      </input_file>
      <input_file id="fl-a7">
         <path>C:\TI\ccsv6\tools\compiler\ti-cgt-msp430_4.4.5\lib\</path>
         <kind>archive</kind>
         <file>rts430x_lc_rd_eabi.lib</file>
         <name>lsl32.obj</name>
      </input_file>
      <input_file id="fl-a8">
         <path>C:\TI\ccsv6\tools\compiler\ti-cgt-msp430_4.4.5\lib\</path>
         <kind>archive</kind>
         <file>rts430x_lc_rd_eabi.lib</file>
         <name>lsr16.obj</name>
      </input_file>
      <input_file id="fl-a9">
         <path>C:\TI\ccsv6\tools\compiler\ti-cgt-msp430_4.4.5\lib\</path>
         <kind>archive</kind>
         <file>rts430x_lc_rd_eabi.lib</file>
         <name>lsr32.obj</name>
      </input_file>
      <input_file id="fl-aa">
         <path>C:\TI\ccsv6\tools\compiler\ti-cgt-msp430_4.4.5\lib\</path>
         <kind>archive</kind>
         <file>rts430x_lc_rd_eabi.lib</file>
         <name>ltoa.obj</name>
      </input_file>
      <input_file id="fl-ab">
         <path>C:\TI\ccsv6\tools\compiler\ti-cgt-msp430_4.4.5\lib\</path>
         <kind>archive</kind>
         <file>rts430x_lc_rd_eabi.lib</file>
         <name>memchr.obj</name>
      </input_file>
      <input_file id="fl-ac">
         <path>C:\TI\ccsv6\tools\compiler\ti-cgt-msp430_4.4.5\lib\</path>
         <kind>archive</kind>
         <file>rts430x_lc_rd_eabi.lib</file>
         <name>memcpy.obj</name>
      </input_file>
      <input_file id="fl-ad">
         <path>C:\TI\ccsv6\tools\compiler\ti-cgt-msp430_4.4.5\lib\</path>
         <kind>archive</kind>
         <file>rts430x_lc_rd_eabi.lib</file>
         <name>memset.obj</name>
      </input_file>
      <input_file id="fl-ae">
         <path>C:\TI\ccsv6\tools\compiler\ti-cgt-msp430_4.4.5\lib\</path>
         <kind>archive</kind>
         <file>rts430x_lc_rd_eabi.lib</file>
         <name>mpu_init.obj</name>
      </input_file>
      <input_file id="fl-af">
         <path>C:\TI\ccsv6\tools\compiler\ti-cgt-msp430_4.4.5\lib\</path>
         <kind>archive</kind>
         <file>rts430x_lc_rd_eabi.lib</file>
         <name>mpyd.obj</name>
      </input_file>
      <input_file id="fl-b0">
         <path>C:\TI\ccsv6\tools\compiler\ti-cgt-msp430_4.4.5\lib\</path>
         <kind>archive</kind>
         <file>rts430x_lc_rd_eabi.lib</file>
         <name>mult16.obj</name>
      </input_file>
      <input_file id="fl-b1">
         <path>C:\TI\ccsv6\tools\compiler\ti-cgt-msp430_4.4.5\lib\</path>
         <kind>archive</kind>
         <file>rts430x_lc_rd_eabi.lib</file>
         <name>mult1632_f5hw.obj</name>
      </input_file>
      <input_file id="fl-b2">
         <path>C:\TI\ccsv6\tools\compiler\ti-cgt-msp430_4.4.5\lib\</path>
         <kind>archive</kind>
         <file>rts430x_lc_rd_eabi.lib</file>
         <name>mult16_f5hw.obj</name>
      </input_file>
      <input_file id="fl-b3">
         <path>C:\TI\ccsv6\tools\compiler\ti-cgt-msp430_4.4.5\lib\</path>
         <kind>archive</kind>
         <file>rts430x_lc_rd_eabi.lib</file>
         <name>mult32.obj</name>
      </input_file>
      <input_file id="fl-b4">
         <path>C:\TI\ccsv6\tools\compiler\ti-cgt-msp430_4.4.5\lib\</path>
         <kind>archive</kind>
         <file>rts430x_lc_rd_eabi.lib</file>
         <name>mult3264_f5hw.obj</name>
      </input_file>
      <input_file id="fl-b5">
         <path>C:\TI\ccsv6\tools\compiler\ti-cgt-msp430_4.4.5\lib\</path>
         <kind>archive</kind>
         <file>rts430x_lc_rd_eabi.lib</file>
         <name>mult32_f5hw.obj</name>
      </input_file>
      <input_file id="fl-b6">
         <path>C:\TI\ccsv6\tools\compiler\ti-cgt-msp430_4.4.5\lib\</path>
         <kind>archive</kind>
         <file>rts430x_lc_rd_eabi.lib</file>
         <name>mult64_f5hw.obj</name>
      </input_file>
      <input_file id="fl-b7">
         <path>C:\TI\ccsv6\tools\compiler\ti-cgt-msp430_4.4.5\lib\</path>
         <kind>archive</kind>
         <file>rts430x_lc_rd_eabi.lib</file>
         <name>pre_init.obj</name>
      </input_file>
      <input_file id="fl-b8">
         <path>C:\TI\ccsv6\tools\compiler\ti-cgt-msp430_4.4.5\lib\</path>
         <kind>archive</kind>
         <file>rts430x_lc_rd_eabi.lib</file>
         <name>strchr.obj</name>
      </input_file>
      <input_file id="fl-b9">
         <path>C:\TI\ccsv6\tools\compiler\ti-cgt-msp430_4.4.5\lib\</path>
         <kind>archive</kind>
         <file>rts430x_lc_rd_eabi.lib</file>
         <name>strcmp.obj</name>
      </input_file>
      <input_file id="fl-ba">
         <path>C:\TI\ccsv6\tools\compiler\ti-cgt-msp430_4.4.5\lib\</path>
         <kind>archive</kind>
         <file>rts430x_lc_rd_eabi.lib</file>
         <name>strlen.obj</name>
      </input_file>
      <input_file id="fl-bb">
         <path>C:\TI\ccsv6\tools\compiler\ti-cgt-msp430_4.4.5\lib\</path>
         <kind>archive</kind>
         <file>rts430x_lc_rd_eabi.lib</file>
         <name>strncpy.obj</name>
      </input_file>
      <input_file id="fl-bc">
         <path>C:\TI\ccsv6\tools\compiler\ti-cgt-msp430_4.4.5\lib\</path>
         <kind>archive</kind>
         <file>rts430x_lc_rd_eabi.lib</file>
         <name>trgdrv.obj</name>
      </input_file>
      <input_file id="fl-bd">
         <path>C:\TI\ccsv6\tools\compiler\ti-cgt-msp430_4.4.5\lib\</path>
         <kind>archive</kind>
         <file>rts430x_lc_rd_eabi.lib</file>
         <name>trgmsg.obj</name>
      </input_file>
      <input_file id="fl-be">
         <path>C:\TI\ccsv6\tools\compiler\ti-cgt-msp430_4.4.5\lib\</path>
         <kind>archive</kind>
         <file>rts430x_lc_rd_eabi.lib</file>
         <name>_io_perm.obj</name>
      </input_file>
      <input_file id="fl-bf">
         <path>C:\TI\ccsv6\tools\compiler\ti-cgt-msp430_4.4.5\lib\</path>
         <kind>archive</kind>
         <file>rts430x_lc_rd_eabi.lib</file>
         <name>_lock.obj</name>
      </input_file>
      <input_file id="fl-c0">
         <path>C:\TI\ccsv6\tools\compiler\ti-cgt-msp430_4.4.5\lib\</path>
         <kind>archive</kind>
         <file>rts430x_lc_rd_eabi.lib</file>
         <name>abs.obj</name>
      </input_file>
      <input_file id="fl-c1">
         <path>C:\TI\ccsv6\tools\compiler\ti-cgt-msp430_4.4.5\lib\</path>
         <kind>archive</kind>
         <file>rts430x_lc_rd_eabi.lib</file>
         <name>args_main.obj</name>
      </input_file>
      <input_file id="fl-c2">
         <path>C:\TI\ccsv6\tools\compiler\ti-cgt-msp430_4.4.5\lib\</path>
         <kind>archive</kind>
         <file>rts430x_lc_rd_eabi.lib</file>
         <name>asr32.obj</name>
      </input_file>
      <input_file id="fl-c3">
         <path>C:\TI\ccsv6\tools\compiler\ti-cgt-msp430_4.4.5\lib\</path>
         <kind>archive</kind>
         <file>rts430x_lc_rd_eabi.lib</file>
         <name>autoinit_wdt.obj</name>
      </input_file>
      <input_file id="fl-c4">
         <path>C:\TI\ccsv6\tools\compiler\ti-cgt-msp430_4.4.5\lib\</path>
         <kind>archive</kind>
         <file>rts430x_lc_rd_eabi.lib</file>
         <name>frcmpyd.obj</name>
      </input_file>
      <input_file id="fl-c5">
         <path>C:\TI\ccsv6\tools\compiler\ti-cgt-msp430_4.4.5\lib\</path>
         <kind>archive</kind>
         <file>rts430x_lc_rd_eabi.lib</file>
         <name>fseek.obj</name>
      </input_file>
      <input_file id="fl-c6">
         <path>C:\TI\ccsv6\tools\compiler\ti-cgt-msp430_4.4.5\lib\</path>
         <kind>archive</kind>
         <file>rts430x_lc_rd_eabi.lib</file>
         <name>setvbuf.obj</name>
      </input_file>
      <input_file id="fl-c7">
         <path>C:\TI\ccsv6\tools\compiler\ti-cgt-msp430_4.4.5\lib\</path>
         <kind>archive</kind>
         <file>rts430x_lc_rd_eabi.lib</file>
         <name>strcpy.obj</name>
      </input_file>
      <input_file id="fl-c8">
         <path>C:\TI\ccsv6\tools\compiler\ti-cgt-msp430_4.4.5\lib\</path>
         <kind>archive</kind>
         <file>rts430x_lc_rd_eabi.lib</file>
         <name>fopen.obj</name>
      </input_file>
      <input_file id="fl-c9">
         <path>C:\TI\ccsv6\tools\compiler\ti-cgt-msp430_4.4.5\lib\</path>
         <kind>archive</kind>
         <file>rts430x_lc_rd_eabi.lib</file>
         <name>memory.obj</name>
      </input_file>
      <input_file id="fl-ca">
         <path>C:\TI\ccsv6\tools\compiler\ti-cgt-msp430_4.4.5\lib\</path>
         <kind>archive</kind>
         <file>rts430x_lc_rd_eabi.lib</file>
         <name>fclose.obj</name>
      </input_file>
      <input_file id="fl-cb">
         <path>C:\TI\ccsv6\tools\compiler\ti-cgt-msp430_4.4.5\lib\</path>
         <kind>archive</kind>
         <file>rts430x_lc_rd_eabi.lib</file>
         <name>remove.obj</name>
      </input_file>
   </input_file_list>
   <object_component_list>
      <object_component id="oc-606">
         <name>.common:packetSemaphore</name>
         <uninitialized>true</uninitialized>
         <run_address>0x286a</run_address>
         <size>0x1</size>
      </object_component>
      <object_component id="oc-19b">
         <name>.common:SysState</name>
         <uninitialized>true</uninitialized>
         <run_address>0x2862</run_address>
         <size>0x2</size>
      </object_component>
      <object_component id="oc-296">
         <name>.common:DynamicMemoryTable</name>
         <uninitialized>true</uninitialized>
         <run_address>0x26b2</run_address>
         <size>0xa4</size>
      </object_component>
      <object_component id="oc-297">
         <name>.common:Table_64bytes</name>
         <uninitialized>true</uninitialized>
         <run_address>0x2830</run_address>
         <size>0x6</size>
      </object_component>
      <object_component id="oc-29e">
         <name>.common:Table_32bytes</name>
         <uninitialized>true</uninitialized>
         <run_address>0x282a</run_address>
         <size>0x6</size>
      </object_component>
      <object_component id="oc-29f">
         <name>.common:Table_30bytes</name>
         <uninitialized>true</uninitialized>
         <run_address>0x2806</run_address>
         <size>0xc</size>
      </object_component>
      <object_component id="oc-2a0">
         <name>.common:Table_8bytes</name>
         <uninitialized>true</uninitialized>
         <run_address>0x2836</run_address>
         <size>0x6</size>
      </object_component>
      <object_component id="oc-406">
         <name>.common:NonVRam</name>
         <uninitialized>true</uninitialized>
         <run_address>0x283c</run_address>
         <size>0x4</size>
      </object_component>
      <object_component id="oc-6f0">
         <name>.common:b_Diff</name>
         <uninitialized>true</uninitialized>
         <run_address>0x2869</run_address>
         <size>0x1</size>
      </object_component>
      <object_component id="oc-5da">
         <name>.common:bit_index_in_frame</name>
         <uninitialized>true</uninitialized>
         <run_address>0x2864</run_address>
         <size>0x2</size>
      </object_component>
      <object_component id="oc-175">
         <name>.common:uart_tx_buf</name>
         <uninitialized>true</uninitialized>
         <run_address>0x2822</run_address>
         <size>0x8</size>
      </object_component>
      <object_component id="oc-184">
         <name>.common:uart_rx_buf</name>
         <uninitialized>true</uninitialized>
         <run_address>0x281a</run_address>
         <size>0x8</size>
      </object_component>
      <object_component id="oc-195">
         <name>.common:rx_str_length</name>
         <uninitialized>true</uninitialized>
         <run_address>0x286c</run_address>
         <size>0x1</size>
      </object_component>
      <object_component id="oc-194">
         <name>.common:rx_end_of_str</name>
         <uninitialized>true</uninitialized>
         <run_address>0x286b</run_address>
         <size>0x1</size>
      </object_component>
      <object_component id="oc-537">
         <name>.common:ui32BspMclkSpeed</name>
         <uninitialized>true</uninitialized>
         <run_address>0x285c</run_address>
         <size>0x4</size>
      </object_component>
      <object_component id="oc-3d0">
         <name>.common:ui8BspKeyMode</name>
         <uninitialized>true</uninitialized>
         <run_address>0x286d</run_address>
         <size>0x1</size>
      </object_component>
      <object_component id="oc-2d7">
         <name>.common:frame</name>
         <uninitialized>true</uninitialized>
         <run_address>0x2848</run_address>
         <size>0x4</size>
      </object_component>
      <object_component id="oc-2da">
         <name>.common:sending_frame</name>
         <uninitialized>true</uninitialized>
         <run_address>0x284c</run_address>
         <size>0x4</size>
      </object_component>
      <object_component id="oc-2db">
         <name>.common:TxFrequency</name>
         <uninitialized>true</uninitialized>
         <run_address>0x2844</run_address>
         <size>0x4</size>
      </object_component>
      <object_component id="oc-2dd">
         <name>.common:RxFrequency</name>
         <uninitialized>true</uninitialized>
         <run_address>0x2840</run_address>
         <size>0x4</size>
      </object_component>
      <object_component id="oc-2de">
         <name>.common:TxRepeatNb</name>
         <uninitialized>true</uninitialized>
         <run_address>0x2868</run_address>
         <size>0x1</size>
      </object_component>
      <object_component id="oc-47f">
         <name>.common:u32_Gfrequency</name>
         <uninitialized>true</uninitialized>
         <run_address>0x2858</run_address>
         <size>0x4</size>
      </object_component>
      <object_component id="oc-2dc">
         <name>.common:Std</name>
         <uninitialized>true</uninitialized>
         <run_address>0x2860</run_address>
         <size>0x2</size>
      </object_component>
      <object_component id="oc-621">
         <name>.common:AES_IO</name>
         <uninitialized>true</uninitialized>
         <run_address>0x27f6</run_address>
         <size>0x10</size>
      </object_component>
      <object_component id="oc-792">
         <name>.common:__TI_tmpnams</name>
         <uninitialized>true</uninitialized>
         <run_address>0x2756</run_address>
         <size>0xa0</size>
      </object_component>
      <object_component id="oc-79b">
         <name>.common:parmbuf</name>
         <uninitialized>true</uninitialized>
         <run_address>0x2812</run_address>
         <size>0x8</size>
      </object_component>
      <object_component id="oc-710">
         <name>.common:sys_free</name>
         <uninitialized>true</uninitialized>
         <run_address>0x2854</run_address>
         <size>0x4</size>
      </object_component>
      <object_component id="oc-78a">
         <name>.common:sys_base</name>
         <uninitialized>true</uninitialized>
         <run_address>0x2850</run_address>
         <size>0x4</size>
      </object_component>
      <object_component id="oc-789">
         <name>.common:memsize</name>
         <uninitialized>true</uninitialized>
         <run_address>0x2866</run_address>
         <size>0x2</size>
      </object_component>
      <object_component id="oc-d3">
         <name>.sysmem</name>
         <uninitialized>true</uninitialized>
         <run_address>0x2990</run_address>
         <size>0x6</size>
         <input_file_ref idref="fl-c9"/>
      </object_component>
      <object_component id="oc-87f">
         <name>.sysmem</name>
         <uninitialized>true</uninitialized>
         <run_address>0x2990</run_address>
         <size>0x0</size>
      </object_component>
      <object_component id="oc-cf">
         <name>.stack</name>
         <uninitialized>true</uninitialized>
         <run_address>0x4360</run_address>
         <size>0x4</size>
         <input_file_ref idref="fl-7d"/>
      </object_component>
      <object_component id="oc-87e">
         <name>.stack</name>
         <uninitialized>true</uninitialized>
         <run_address>0x4360</run_address>
         <size>0x0</size>
      </object_component>
      <object_component id="oc-216">
         <name>.text:parseHostCmd</name>
         <load_address>0x10000</load_address>
         <run_address>0x10000</run_address>
         <size>0x85e</size>
         <input_file_ref idref="fl-35"/>
      </object_component>
      <object_component id="oc-696">
         <name>.text:aes_enc_dec</name>
         <load_address>0x1085e</load_address>
         <run_address>0x1085e</run_address>
         <size>0x3c0</size>
         <input_file_ref idref="fl-3d"/>
      </object_component>
      <object_component id="oc-770">
         <name>.text:__TI_frcmpyd</name>
         <load_address>0x10c1e</load_address>
         <run_address>0x10c1e</run_address>
         <size>0x2e4</size>
         <input_file_ref idref="fl-c4"/>
      </object_component>
      <object_component id="oc-6ca">
         <name>.text:__mspabi_mpyd</name>
         <load_address>0x10f02</load_address>
         <run_address>0x10f02</run_address>
         <size>0x282</size>
         <input_file_ref idref="fl-af"/>
      </object_component>
      <object_component id="oc-334">
         <name>.text:change_frequency</name>
         <load_address>0x11184</load_address>
         <run_address>0x11184</run_address>
         <size>0x204</size>
         <input_file_ref idref="fl-47"/>
      </object_component>
      <object_component id="oc-4d9">
         <name>.text:DecodeFrame</name>
         <load_address>0x11388</load_address>
         <run_address>0x11388</run_address>
         <size>0x1f4</size>
         <input_file_ref idref="fl-4c"/>
      </object_component>
      <object_component id="oc-376">
         <name>.text:SfxTxTestMode</name>
         <load_address>0x1157c</load_address>
         <run_address>0x1157c</run_address>
         <size>0x1d8</size>
         <input_file_ref idref="fl-47"/>
      </object_component>
      <object_component id="oc-31a">
         <name>.text:MakeFrame</name>
         <load_address>0x11754</load_address>
         <run_address>0x11754</run_address>
         <size>0x1ba</size>
         <input_file_ref idref="fl-47"/>
      </object_component>
      <object_component id="oc-13a">
         <name>.text:main</name>
         <load_address>0x1190e</load_address>
         <run_address>0x1190e</run_address>
         <size>0x1ba</size>
         <input_file_ref idref="fl-3e"/>
      </object_component>
      <object_component id="oc-1ef">
         <name>.text:SfxSendFrame</name>
         <load_address>0x11ac8</load_address>
         <run_address>0x11ac8</run_address>
         <size>0x172</size>
         <input_file_ref idref="fl-47"/>
      </object_component>
      <object_component id="oc-358">
         <name>.text:OutOfBandFrame</name>
         <load_address>0x11c3a</load_address>
         <run_address>0x11c3a</run_address>
         <size>0x16a</size>
         <input_file_ref idref="fl-47"/>
      </object_component>
      <object_component id="oc-3c2">
         <name>.text:SfxSendBit</name>
         <load_address>0x11da4</load_address>
         <run_address>0x11da4</run_address>
         <size>0x156</size>
         <input_file_ref idref="fl-47"/>
      </object_component>
      <object_component id="oc-1d0">
         <name>.text:SfxInit</name>
         <load_address>0x11efa</load_address>
         <run_address>0x11efa</run_address>
         <size>0x126</size>
         <input_file_ref idref="fl-47"/>
      </object_component>
      <object_component id="oc-53a">
         <name>.text:bspMcuGetSystemClockSettings</name>
         <load_address>0x12020</load_address>
         <run_address>0x12020</run_address>
         <size>0x10c</size>
         <input_file_ref idref="fl-3a"/>
      </object_component>
      <object_component id="oc-5f7">
         <name>.text:RADIO_modulate</name>
         <load_address>0x1212c</load_address>
         <run_address>0x1212c</run_address>
         <size>0x100</size>
         <input_file_ref idref="fl-2d"/>
      </object_component>
      <object_component id="oc-300">
         <name>.text:fputs</name>
         <load_address>0x1222c</load_address>
         <run_address>0x1222c</run_address>
         <size>0xf0</size>
         <input_file_ref idref="fl-8e"/>
      </object_component>
      <object_component id="oc-352">
         <name>.text:ReceiveLoop</name>
         <load_address>0x1231c</load_address>
         <run_address>0x1231c</run_address>
         <size>0xee</size>
         <input_file_ref idref="fl-47"/>
      </object_component>
      <object_component id="oc-570">
         <name>.text:setvbuf</name>
         <load_address>0x1240a</load_address>
         <run_address>0x1240a</run_address>
         <size>0xe0</size>
         <input_file_ref idref="fl-c6"/>
      </object_component>
      <object_component id="oc-37c">
         <name>.text:SfxRxTestMode</name>
         <load_address>0x124ea</load_address>
         <run_address>0x124ea</run_address>
         <size>0xd8</size>
         <input_file_ref idref="fl-47"/>
      </object_component>
      <object_component id="oc-4d3">
         <name>.text:sfx_waitframe</name>
         <load_address>0x125c2</load_address>
         <run_address>0x125c2</run_address>
         <size>0xd4</size>
         <input_file_ref idref="fl-2"/>
      </object_component>
      <object_component id="oc-506">
         <name>.text:sfx_PrintRxTestResult</name>
         <load_address>0x12696</load_address>
         <run_address>0x12696</run_address>
         <size>0xbe</size>
         <input_file_ref idref="fl-2"/>
      </object_component>
      <object_component id="oc-663">
         <name>.text:malloc</name>
         <load_address>0x12754</load_address>
         <run_address>0x12754</run_address>
         <size>0xba</size>
         <input_file_ref idref="fl-c9"/>
      </object_component>
      <object_component id="oc-410">
         <name>.text:flash_write_wear_level</name>
         <load_address>0x1280e</load_address>
         <run_address>0x1280e</run_address>
         <size>0xb0</size>
         <input_file_ref idref="fl-2f"/>
      </object_component>
      <object_component id="oc-5c5">
         <name>.text:RADIO_change_frequency</name>
         <load_address>0x128be</load_address>
         <run_address>0x128be</run_address>
         <size>0xa8</size>
         <input_file_ref idref="fl-2d"/>
      </object_component>
      <object_component id="oc-3ea">
         <name>.text:bspSysClockSpeedSet</name>
         <load_address>0x12966</load_address>
         <run_address>0x12966</run_address>
         <size>0xa4</size>
         <input_file_ref idref="fl-3a"/>
      </object_component>
      <object_component id="oc-73d">
         <name>.text:HOSTlseek</name>
         <load_address>0x12a0a</load_address>
         <run_address>0x12a0a</run_address>
         <size>0x9e</size>
         <input_file_ref idref="fl-bc"/>
      </object_component>
      <object_component id="oc-32e">
         <name>.text:ComputeScrambling</name>
         <load_address>0x12aa8</load_address>
         <run_address>0x12aa8</run_address>
         <size>0x9c</size>
         <input_file_ref idref="fl-49"/>
      </object_component>
      <object_component id="oc-45f">
         <name>.text:RADIO_init_chip</name>
         <load_address>0x12b44</load_address>
         <run_address>0x12b44</run_address>
         <size>0x98</size>
         <input_file_ref idref="fl-2d"/>
      </object_component>
      <object_component id="oc-590">
         <name>.text:sfx_AES_128_cbc_encrypt</name>
         <load_address>0x12bdc</load_address>
         <run_address>0x12bdc</run_address>
         <size>0x92</size>
         <input_file_ref idref="fl-2"/>
      </object_component>
      <object_component id="oc-65d">
         <name>.text:free</name>
         <load_address>0x12c6e</load_address>
         <run_address>0x12c6e</run_address>
         <size>0x8e</size>
         <input_file_ref idref="fl-c9"/>
      </object_component>
      <object_component id="oc-399">
         <name>.text:ltoa</name>
         <load_address>0x12cfc</load_address>
         <run_address>0x12cfc</run_address>
         <size>0x80</size>
         <input_file_ref idref="fl-aa"/>
      </object_component>
      <object_component id="oc-41b">
         <name>.text:__TI_wrt_ok</name>
         <load_address>0x12d7c</load_address>
         <run_address>0x12d7c</run_address>
         <size>0x7e</size>
         <input_file_ref idref="fl-be"/>
      </object_component>
      <object_component id="oc-44c">
         <name>.text:ComputeAES</name>
         <load_address>0x12dfa</load_address>
         <run_address>0x12dfa</run_address>
         <size>0x7c</size>
         <input_file_ref idref="fl-48"/>
      </object_component>
      <object_component id="oc-6c4">
         <name>.text:__mspabi_fltuld</name>
         <load_address>0x12e76</load_address>
         <run_address>0x12e76</run_address>
         <size>0x76</size>
         <input_file_ref idref="fl-8d"/>
      </object_component>
      <object_component id="oc-1ca">
         <name>.text:resetCF</name>
         <load_address>0x12eec</load_address>
         <run_address>0x12eec</run_address>
         <size>0x76</size>
         <input_file_ref idref="fl-3e"/>
      </object_component>
      <object_component id="oc-6e0">
         <name>.text:trxReadWriteBurstSingle</name>
         <load_address>0x12f62</load_address>
         <run_address>0x12f62</run_address>
         <size>0x76</size>
         <input_file_ref idref="fl-2c"/>
      </object_component>
      <object_component id="oc-749">
         <name>.text:HOSTrename</name>
         <load_address>0x12fd8</load_address>
         <run_address>0x12fd8</run_address>
         <size>0x74</size>
         <input_file_ref idref="fl-bc"/>
      </object_component>
      <object_component id="oc-71c">
         <name>.text:__TI_closefile</name>
         <load_address>0x1304c</load_address>
         <run_address>0x1304c</run_address>
         <size>0x70</size>
         <input_file_ref idref="fl-ca"/>
      </object_component>
      <object_component id="oc-725">
         <name>.text:HOSTopen</name>
         <load_address>0x130bc</load_address>
         <run_address>0x130bc</run_address>
         <size>0x6e</size>
         <input_file_ref idref="fl-bc"/>
      </object_component>
      <object_component id="oc-63f">
         <name>.text:bspMcuSetVCoreUp</name>
         <load_address>0x1312a</load_address>
         <run_address>0x1312a</run_address>
         <size>0x6e</size>
         <input_file_ref idref="fl-3a"/>
      </object_component>
      <object_component id="oc-2ba">
         <name>.text:halUartInit</name>
         <load_address>0x13198</load_address>
         <run_address>0x13198</run_address>
         <size>0x6e</size>
         <input_file_ref idref="fl-36"/>
      </object_component>
      <object_component id="oc-48d">
         <name>.text:RADIO_start_rf_carrier</name>
         <load_address>0x13206</load_address>
         <run_address>0x13206</run_address>
         <size>0x6c</size>
         <input_file_ref idref="fl-2d"/>
      </object_component>
      <object_component id="oc-120">
         <name>.text:_auto_init_hold_wdt</name>
         <load_address>0x13272</load_address>
         <run_address>0x13272</run_address>
         <size>0x6c</size>
         <input_file_ref idref="fl-c3"/>
      </object_component>
      <object_component id="oc-737">
         <name>.text:HOSTwrite</name>
         <load_address>0x132de</load_address>
         <run_address>0x132de</run_address>
         <size>0x6a</size>
         <input_file_ref idref="fl-bc"/>
      </object_component>
      <object_component id="oc-61b">
         <name>.text:decode_bch</name>
         <load_address>0x13348</load_address>
         <run_address>0x13348</run_address>
         <size>0x6a</size>
         <input_file_ref idref="fl-4d"/>
      </object_component>
      <object_component id="oc-407">
         <name>.text:flash_read_wear_level</name>
         <load_address>0x133b2</load_address>
         <run_address>0x133b2</run_address>
         <size>0x6a</size>
         <input_file_ref idref="fl-2f"/>
      </object_component>
      <object_component id="oc-56a">
         <name>.text:fseek</name>
         <load_address>0x1341c</load_address>
         <run_address>0x1341c</run_address>
         <size>0x6a</size>
         <input_file_ref idref="fl-c5"/>
      </object_component>
      <object_component id="oc-731">
         <name>.text:HOSTread</name>
         <load_address>0x13486</load_address>
         <run_address>0x13486</run_address>
         <size>0x68</size>
         <input_file_ref idref="fl-bc"/>
      </object_component>
      <object_component id="oc-e3">
         <name>.text:__TI_decompress_rle_core</name>
         <load_address>0x134ee</load_address>
         <run_address>0x134ee</run_address>
         <size>0x68</size>
         <input_file_ref idref="fl-80"/>
      </object_component>
      <object_component id="oc-6d0">
         <name>.text:__mspabi_fixdul</name>
         <load_address>0x13556</load_address>
         <run_address>0x13556</run_address>
         <size>0x68</size>
         <input_file_ref idref="fl-8c"/>
      </object_component>
      <object_component id="oc-42d">
         <name>.text:__TI_doflush</name>
         <load_address>0x135be</load_address>
         <run_address>0x135be</run_address>
         <size>0x64</size>
         <input_file_ref idref="fl-8b"/>
      </object_component>
      <object_component id="oc-4c7">
         <name>.text:Switch_frequency</name>
         <load_address>0x13622</load_address>
         <run_address>0x13622</run_address>
         <size>0x60</size>
         <input_file_ref idref="fl-47"/>
      </object_component>
      <object_component id="oc-2d1">
         <name>.text:sfx_malloc</name>
         <load_address>0x13682</load_address>
         <run_address>0x13682</run_address>
         <size>0x60</size>
         <input_file_ref idref="fl-2"/>
      </object_component>
      <object_component id="oc-33a">
         <name>.text:sfx_send</name>
         <load_address>0x136e2</load_address>
         <run_address>0x136e2</run_address>
         <size>0x60</size>
         <input_file_ref idref="fl-2"/>
      </object_component>
      <object_component id="oc-6ad">
         <name>.text:halDigio2IntConnect</name>
         <load_address>0x13742</load_address>
         <run_address>0x13742</run_address>
         <size>0x5e</size>
         <input_file_ref idref="fl-38"/>
      </object_component>
      <object_component id="oc-2e5">
         <name>.text:Next_Pn11</name>
         <load_address>0x137a0</load_address>
         <run_address>0x137a0</run_address>
         <size>0x5c</size>
         <input_file_ref idref="fl-4a"/>
      </object_component>
      <object_component id="oc-2eb">
         <name>.text:Next_Pn9</name>
         <load_address>0x137fc</load_address>
         <run_address>0x137fc</run_address>
         <size>0x5c</size>
         <input_file_ref idref="fl-4a"/>
      </object_component>
      <object_component id="oc-4ab">
         <name>.text:RADIO_stop_rf_carrier</name>
         <load_address>0x13858</load_address>
         <run_address>0x13858</run_address>
         <size>0x5a</size>
         <input_file_ref idref="fl-2d"/>
      </object_component>
      <object_component id="oc-499">
         <name>.text:cc112xSpiReadReg</name>
         <load_address>0x138b2</load_address>
         <run_address>0x138b2</run_address>
         <size>0x5a</size>
         <input_file_ref idref="fl-37"/>
      </object_component>
      <object_component id="oc-5aa">
         <name>.text:cc112xSpiWriteReg</name>
         <load_address>0x1390c</load_address>
         <run_address>0x1390c</run_address>
         <size>0x5a</size>
         <input_file_ref idref="fl-37"/>
      </object_component>
      <object_component id="oc-78c">
         <name>.text:close</name>
         <load_address>0x13966</load_address>
         <run_address>0x13966</run_address>
         <size>0x5a</size>
         <input_file_ref idref="fl-a5"/>
      </object_component>
      <object_component id="oc-7cd">
         <name>.text:getdevice</name>
         <load_address>0x139c0</load_address>
         <run_address>0x139c0</run_address>
         <size>0x5a</size>
         <input_file_ref idref="fl-a5"/>
      </object_component>
      <object_component id="oc-458">
         <name>.text:sfx_free</name>
         <load_address>0x13a1a</load_address>
         <run_address>0x13a1a</run_address>
         <size>0x5a</size>
         <input_file_ref idref="fl-2"/>
      </object_component>
      <object_component id="oc-387">
         <name>.text:stringToData</name>
         <load_address>0x13a74</load_address>
         <run_address>0x13a74</run_address>
         <size>0x5a</size>
         <input_file_ref idref="fl-35"/>
      </object_component>
      <object_component id="oc-306">
         <name>.text:fflush</name>
         <load_address>0x13ace</load_address>
         <run_address>0x13ace</run_address>
         <size>0x58</size>
         <input_file_ref idref="fl-8b"/>
      </object_component>
      <object_component id="oc-1c4">
         <name>.text:initMCU</name>
         <load_address>0x13b26</load_address>
         <run_address>0x13b26</run_address>
         <size>0x58</size>
         <input_file_ref idref="fl-3e"/>
      </object_component>
      <object_component id="oc-477">
         <name>.text</name>
         <load_address>0x13b7e</load_address>
         <run_address>0x13b7e</run_address>
         <size>0x58</size>
         <input_file_ref idref="fl-88"/>
      </object_component>
      <object_component id="oc-346">
         <name>.text:sfx_delay</name>
         <load_address>0x13bd6</load_address>
         <run_address>0x13bd6</run_address>
         <size>0x56</size>
         <input_file_ref idref="fl-2"/>
      </object_component>
      <object_component id="oc-72b">
         <name>.text:HOSTclose</name>
         <load_address>0x13c2c</load_address>
         <run_address>0x13c2c</run_address>
         <size>0x4c</size>
         <input_file_ref idref="fl-bc"/>
      </object_component>
      <object_component id="oc-561">
         <name>.text:flash_erase_segment</name>
         <load_address>0x13c78</load_address>
         <run_address>0x13c78</run_address>
         <size>0x4a</size>
         <input_file_ref idref="fl-2f"/>
      </object_component>
      <object_component id="oc-6b3">
         <name>.text:halDigio2IntSetEdge</name>
         <load_address>0x13cc2</load_address>
         <run_address>0x13cc2</run_address>
         <size>0x4a</size>
         <input_file_ref idref="fl-38"/>
      </object_component>
      <object_component id="oc-5e9">
         <name>.text:trx16BitRegAccess</name>
         <load_address>0x13d0c</load_address>
         <run_address>0x13d0c</run_address>
         <size>0x48</size>
         <input_file_ref idref="fl-2c"/>
      </object_component>
      <object_component id="oc-743">
         <name>.text:HOSTunlink</name>
         <load_address>0x13d54</load_address>
         <run_address>0x13d54</run_address>
         <size>0x46</size>
         <input_file_ref idref="fl-bc"/>
      </object_component>
      <object_component id="oc-1be">
         <name>.text:dynamic_memory_init</name>
         <load_address>0x13d9a</load_address>
         <run_address>0x13d9a</run_address>
         <size>0x46</size>
         <input_file_ref idref="fl-3e"/>
      </object_component>
      <object_component id="oc-21c">
         <name>.text:bspKeyPushed</name>
         <load_address>0x13de0</load_address>
         <run_address>0x13de0</run_address>
         <size>0x44</size>
         <input_file_ref idref="fl-3b"/>
      </object_component>
      <object_component id="oc-55b">
         <name>.text:flash_write_data</name>
         <load_address>0x13e24</load_address>
         <run_address>0x13e24</run_address>
         <size>0x42</size>
         <input_file_ref idref="fl-2f"/>
      </object_component>
      <object_component id="oc-715">
         <name>.text:minit</name>
         <load_address>0x13e66</load_address>
         <run_address>0x13e66</run_address>
         <size>0x42</size>
         <input_file_ref idref="fl-c9"/>
      </object_component>
      <object_component id="oc-513">
         <name>.text:hexToByte</name>
         <load_address>0x13ea8</load_address>
         <run_address>0x13ea8</run_address>
         <size>0x40</size>
         <input_file_ref idref="fl-35"/>
      </object_component>
      <object_component id="oc-51c">
         <name>.text</name>
         <load_address>0x13ee8</load_address>
         <run_address>0x13ee8</run_address>
         <size>0x40</size>
         <input_file_ref idref="fl-87"/>
      </object_component>
      <object_component id="oc-39f">
         <name>.text:SfxClose</name>
         <load_address>0x13f28</load_address>
         <run_address>0x13f28</run_address>
         <size>0x3e</size>
         <input_file_ref idref="fl-47"/>
      </object_component>
      <object_component id="oc-7c3">
         <name>.text:l_asr_const</name>
         <load_address>0x13f66</load_address>
         <run_address>0x13f66</run_address>
         <size>0x3e</size>
         <input_file_ref idref="fl-c2"/>
      </object_component>
      <object_component id="oc-611">
         <name>.text:l_lsl_const</name>
         <load_address>0x13fa4</load_address>
         <run_address>0x13fa4</run_address>
         <size>0x3e</size>
         <input_file_ref idref="fl-a7"/>
      </object_component>
      <object_component id="oc-6d6">
         <name>.text:l_lsr_const</name>
         <load_address>0x13fe2</load_address>
         <run_address>0x13fe2</run_address>
         <size>0x3e</size>
         <input_file_ref idref="fl-a9"/>
      </object_component>
      <object_component id="oc-655">
         <name>.text:lseek</name>
         <load_address>0x14020</load_address>
         <run_address>0x14020</run_address>
         <size>0x3e</size>
         <input_file_ref idref="fl-a5"/>
      </object_component>
      <object_component id="oc-2b4">
         <name>.text:trxRfSpiInterfaceInit</name>
         <load_address>0x1405e</load_address>
         <run_address>0x1405e</run_address>
         <size>0x3e</size>
         <input_file_ref idref="fl-2c"/>
      </object_component>
      <object_component id="oc-433">
         <name>.text:write</name>
         <load_address>0x1409c</load_address>
         <run_address>0x1409c</run_address>
         <size>0x3c</size>
         <input_file_ref idref="fl-a5"/>
      </object_component>
      <object_component id="oc-5e3">
         <name>.text:trx8BitRegAccess</name>
         <load_address>0x140d8</load_address>
         <run_address>0x140d8</run_address>
         <size>0x3a</size>
         <input_file_ref idref="fl-2c"/>
      </object_component>
      <object_component id="oc-17e">
         <name>.text:circBufGetData</name>
         <load_address>0x14112</load_address>
         <run_address>0x14112</run_address>
         <size>0x38</size>
         <input_file_ref idref="fl-34"/>
      </object_component>
      <object_component id="oc-669">
         <name>.text:__TI_cleanup</name>
         <load_address>0x1414a</load_address>
         <run_address>0x1414a</run_address>
         <size>0x36</size>
         <input_file_ref idref="fl-c8"/>
      </object_component>
      <object_component id="oc-79e">
         <name>.text:__TI_writemsg</name>
         <load_address>0x14180</load_address>
         <run_address>0x14180</run_address>
         <size>0x36</size>
         <input_file_ref idref="fl-bd"/>
      </object_component>
      <object_component id="oc-185">
         <name>.text:circBufPutData</name>
         <load_address>0x141b6</load_address>
         <run_address>0x141b6</run_address>
         <size>0x36</size>
         <input_file_ref idref="fl-34"/>
      </object_component>
      <object_component id="oc-452">
         <name>.text:crc16</name>
         <load_address>0x141ec</load_address>
         <run_address>0x141ec</run_address>
         <size>0x36</size>
         <input_file_ref idref="fl-4b"/>
      </object_component>
      <object_component id="oc-298">
         <name>.text:memory_block_init</name>
         <load_address>0x14222</load_address>
         <run_address>0x14222</run_address>
         <size>0x36</size>
         <input_file_ref idref="fl-3e"/>
      </object_component>
      <object_component id="oc-7a4">
         <name>.text:__TI_readmsg</name>
         <load_address>0x14258</load_address>
         <run_address>0x14258</run_address>
         <size>0x32</size>
         <input_file_ref idref="fl-bd"/>
      </object_component>
      <object_component id="oc-624">
         <name>.text:crc8</name>
         <load_address>0x1428a</load_address>
         <run_address>0x1428a</run_address>
         <size>0x32</size>
         <input_file_ref idref="fl-4b"/>
      </object_component>
      <object_component id="oc-7e9">
         <name>.text:strncpy</name>
         <load_address>0x142bc</load_address>
         <run_address>0x142bc</run_address>
         <size>0x32</size>
         <input_file_ref idref="fl-bb"/>
      </object_component>
      <object_component id="oc-645">
         <name>.text:bspMcuSetVCoreDown</name>
         <load_address>0x142ee</load_address>
         <run_address>0x142ee</run_address>
         <size>0x30</size>
         <input_file_ref idref="fl-3a"/>
      </object_component>
      <object_component id="oc-793">
         <name>.text:unlink</name>
         <load_address>0x1431e</load_address>
         <run_address>0x1431e</run_address>
         <size>0x30</size>
         <input_file_ref idref="fl-a5"/>
      </object_component>
      <object_component id="oc-546">
         <name>.text:bspAssert</name>
         <load_address>0x1434e</load_address>
         <run_address>0x1434e</run_address>
         <size>0x2e</size>
         <input_file_ref idref="fl-3a"/>
      </object_component>
      <object_component id="oc-3e4">
         <name>.text:bspMcuStartXT1</name>
         <load_address>0x1437c</load_address>
         <run_address>0x1437c</run_address>
         <size>0x2e</size>
         <input_file_ref idref="fl-3a"/>
      </object_component>
      <object_component id="oc-38e">
         <name>.text:byteToHex</name>
         <load_address>0x143aa</load_address>
         <run_address>0x143aa</run_address>
         <size>0x2e</size>
         <input_file_ref idref="fl-35"/>
      </object_component>
      <object_component id="oc-12c">
         <name>.text:exit</name>
         <load_address>0x143d8</load_address>
         <run_address>0x143d8</run_address>
         <size>0x2e</size>
         <input_file_ref idref="fl-89"/>
      </object_component>
      <object_component id="oc-7ef">
         <name>.text:finddevice</name>
         <load_address>0x14406</load_address>
         <run_address>0x14406</run_address>
         <size>0x2e</size>
         <input_file_ref idref="fl-a5"/>
      </object_component>
      <object_component id="oc-762">
         <name>.text:halDigio2IntClear</name>
         <load_address>0x14434</load_address>
         <run_address>0x14434</run_address>
         <size>0x2e</size>
         <input_file_ref idref="fl-38"/>
      </object_component>
      <object_component id="oc-3bc">
         <name>.text:dataToString</name>
         <load_address>0x14462</load_address>
         <run_address>0x14462</run_address>
         <size>0x2c</size>
         <input_file_ref idref="fl-35"/>
      </object_component>
      <object_component id="oc-382">
         <name>.text</name>
         <load_address>0x1448e</load_address>
         <run_address>0x1448e</run_address>
         <size>0x2c</size>
         <input_file_ref idref="fl-85"/>
      </object_component>
      <object_component id="oc-59a">
         <name>.text:free_memory_block</name>
         <load_address>0x144ba</load_address>
         <run_address>0x144ba</run_address>
         <size>0x2a</size>
         <input_file_ref idref="fl-2"/>
      </object_component>
      <object_component id="oc-6bb">
         <name>.text:halDigio2IntEnable</name>
         <load_address>0x144e4</load_address>
         <run_address>0x144e4</run_address>
         <size>0x2a</size>
         <input_file_ref idref="fl-38"/>
      </object_component>
      <object_component id="oc-2df">
         <name>.text:sfx_get_nv_mem</name>
         <load_address>0x1450e</load_address>
         <run_address>0x1450e</run_address>
         <size>0x28</size>
         <input_file_ref idref="fl-2"/>
      </object_component>
      <object_component id="oc-2a8">
         <name>.text:bspKeyInit</name>
         <load_address>0x14536</load_address>
         <run_address>0x14536</run_address>
         <size>0x26</size>
         <input_file_ref idref="fl-3b"/>
      </object_component>
      <object_component id="oc-5a1">
         <name>.text:trxSpiCmdStrobe</name>
         <load_address>0x1455c</load_address>
         <run_address>0x1455c</run_address>
         <size>0x26</size>
         <input_file_ref idref="fl-2c"/>
      </object_component>
      <object_component id="oc-5f1">
         <name>.text:Read_Bit</name>
         <load_address>0x14582</load_address>
         <run_address>0x14582</run_address>
         <size>0x24</size>
         <input_file_ref idref="fl-2e"/>
      </object_component>
      <object_component id="oc-540">
         <name>.text:bspMcuSetVCore</name>
         <load_address>0x145a6</load_address>
         <run_address>0x145a6</run_address>
         <size>0x24</size>
         <input_file_ref idref="fl-3a"/>
      </object_component>
      <object_component id="oc-8d">
         <name>.text:decompress:ZI:__TI_zero_init</name>
         <load_address>0x145ca</load_address>
         <run_address>0x145ca</run_address>
         <size>0x24</size>
         <input_file_ref idref="fl-81"/>
      </object_component>
      <object_component id="oc-4b2">
         <name>.text:TIMER_downlink_timing_init</name>
         <load_address>0x145ee</load_address>
         <run_address>0x145ee</run_address>
         <size>0x22</size>
         <input_file_ref idref="fl-2b"/>
      </object_component>
      <object_component id="oc-49f">
         <name>.text:TxProcess</name>
         <load_address>0x14610</load_address>
         <run_address>0x14610</run_address>
         <size>0x22</size>
         <input_file_ref idref="fl-2e"/>
      </object_component>
      <object_component id="oc-178">
         <name>.text:circBufRemainder</name>
         <load_address>0x14632</load_address>
         <run_address>0x14632</run_address>
         <size>0x22</size>
         <input_file_ref idref="fl-34"/>
      </object_component>
      <object_component id="oc-3b1">
         <name>.text</name>
         <load_address>0x14654</load_address>
         <run_address>0x14654</run_address>
         <size>0x22</size>
         <input_file_ref idref="fl-b5"/>
      </object_component>
      <object_component id="oc-210">
         <name>.text:uartGetStr</name>
         <load_address>0x14676</load_address>
         <run_address>0x14676</run_address>
         <size>0x22</size>
         <input_file_ref idref="fl-36"/>
      </object_component>
      <object_component id="oc-2ae">
         <name>.text:bspLedInit</name>
         <load_address>0x14698</load_address>
         <run_address>0x14698</run_address>
         <size>0x20</size>
         <input_file_ref idref="fl-3c"/>
      </object_component>
      <object_component id="oc-320">
         <name>.text:sfx_init</name>
         <load_address>0x146b8</load_address>
         <run_address>0x146b8</run_address>
         <size>0x20</size>
         <input_file_ref idref="fl-2"/>
      </object_component>
      <object_component id="oc-5b6">
         <name>.text:trxIsrConnect</name>
         <load_address>0x146d8</load_address>
         <run_address>0x146d8</run_address>
         <size>0x20</size>
         <input_file_ref idref="fl-33"/>
      </object_component>
      <object_component id="oc-3b6">
         <name>.text:uartPutStr</name>
         <load_address>0x146f8</load_address>
         <run_address>0x146f8</run_address>
         <size>0x20</size>
         <input_file_ref idref="fl-36"/>
      </object_component>
      <object_component id="oc-2a2">
         <name>.text:bspInit</name>
         <load_address>0x14718</load_address>
         <run_address>0x14718</run_address>
         <size>0x1e</size>
         <input_file_ref idref="fl-3a"/>
      </object_component>
      <object_component id="oc-1f5">
         <name>.text:GPIO_getInputPinValue</name>
         <load_address>0x14736</load_address>
         <run_address>0x14736</run_address>
         <size>0x1c</size>
         <input_file_ref idref="fl-11"/>
      </object_component>
      <object_component id="oc-2f1">
         <name>.text:sfx_set_nv_mem</name>
         <load_address>0x14752</load_address>
         <run_address>0x14752</run_address>
         <size>0x1c</size>
         <input_file_ref idref="fl-2"/>
      </object_component>
      <object_component id="oc-7e3">
         <name>.text:strchr</name>
         <load_address>0x1476e</load_address>
         <run_address>0x1476e</run_address>
         <size>0x1c</size>
         <input_file_ref idref="fl-b8"/>
      </object_component>
      <object_component id="oc-800">
         <name>.text:strcmp</name>
         <load_address>0x1478a</load_address>
         <run_address>0x1478a</run_address>
         <size>0x1c</size>
         <input_file_ref idref="fl-b9"/>
      </object_component>
      <object_component id="oc-2c0">
         <name>.text:TIMER_bitrate_init</name>
         <load_address>0x147a6</load_address>
         <run_address>0x147a6</run_address>
         <size>0x1a</size>
         <input_file_ref idref="fl-2b"/>
      </object_component>
      <object_component id="oc-1d7">
         <name>.text:_abort_msg</name>
         <load_address>0x147c0</load_address>
         <run_address>0x147c0</run_address>
         <size>0x1a</size>
         <input_file_ref idref="fl-7c"/>
      </object_component>
      <object_component id="oc-3a5">
         <name>.text:RADIO_stop_unmodulated_cw</name>
         <load_address>0x147da</load_address>
         <run_address>0x147da</run_address>
         <size>0x18</size>
         <input_file_ref idref="fl-2d"/>
      </object_component>
      <object_component id="oc-1dd">
         <name>.text:bspLedClear</name>
         <load_address>0x147f2</load_address>
         <run_address>0x147f2</run_address>
         <size>0x18</size>
         <input_file_ref idref="fl-3c"/>
      </object_component>
      <object_component id="oc-1e3">
         <name>.text:bspLedSet</name>
         <load_address>0x1480a</load_address>
         <run_address>0x1480a</run_address>
         <size>0x18</size>
         <input_file_ref idref="fl-3c"/>
      </object_component>
      <object_component id="oc-553">
         <name>.text:flash_read_data</name>
         <load_address>0x14822</load_address>
         <run_address>0x14822</run_address>
         <size>0x18</size>
         <input_file_ref idref="fl-2f"/>
      </object_component>
      <object_component id="oc-250">
         <name>.text:halUartStartTx</name>
         <load_address>0x1483a</load_address>
         <run_address>0x1483a</run_address>
         <size>0x18</size>
         <input_file_ref idref="fl-36"/>
      </object_component>
      <object_component id="oc-427">
         <name>.text:memchr</name>
         <load_address>0x14852</load_address>
         <run_address>0x14852</run_address>
         <size>0x16</size>
         <input_file_ref idref="fl-ab"/>
      </object_component>
      <object_component id="oc-36d">
         <name>.text:memset</name>
         <load_address>0x14868</load_address>
         <run_address>0x14868</run_address>
         <size>0x16</size>
         <input_file_ref idref="fl-ad"/>
      </object_component>
      <object_component id="oc-50d">
         <name>.text</name>
         <load_address>0x1487e</load_address>
         <run_address>0x1487e</run_address>
         <size>0x16</size>
         <input_file_ref idref="fl-86"/>
      </object_component>
      <object_component id="oc-326">
         <name>.text</name>
         <load_address>0x14894</load_address>
         <run_address>0x14894</run_address>
         <size>0x16</size>
         <input_file_ref idref="fl-b2"/>
      </object_component>
      <object_component id="oc-4e6">
         <name>.text:sfx_get_voltage_temperature</name>
         <load_address>0x148aa</load_address>
         <run_address>0x148aa</run_address>
         <size>0x16</size>
         <input_file_ref idref="fl-2"/>
      </object_component>
      <object_component id="oc-6a6">
         <name>.text:trxClearIntFlag</name>
         <load_address>0x148c0</load_address>
         <run_address>0x148c0</run_address>
         <size>0x16</size>
         <input_file_ref idref="fl-33"/>
      </object_component>
      <object_component id="oc-5bc">
         <name>.text:trxEnableInt</name>
         <load_address>0x148d6</load_address>
         <run_address>0x148d6</run_address>
         <size>0x16</size>
         <input_file_ref idref="fl-33"/>
      </object_component>
      <object_component id="oc-d6">
         <name>.text:memcpy</name>
         <load_address>0x148ec</load_address>
         <run_address>0x148ec</run_address>
         <size>0x14</size>
         <input_file_ref idref="fl-ac"/>
      </object_component>
      <object_component id="oc-4c1">
         <name>.text:sfx_WaitForTimeoutRx</name>
         <load_address>0x14900</load_address>
         <run_address>0x14900</run_address>
         <size>0x14</size>
         <input_file_ref idref="fl-2"/>
      </object_component>
      <object_component id="oc-6b">
         <name>.text:decompress:none:__TI_decompress_none</name>
[...]
         <value>0x13b7e</value>
         <object_component_ref idref="oc-477"/>
      </symbol>
      <symbol id="sm-c0b">
         <name>C$$EXIT</name>
         <value>0x14a3c</value>
         <object_component_ref idref="oc-142"/>
      </symbol>
      <symbol id="sm-c0c">
         <name>abort</name>
         <value>0x14a3c</value>
         <object_component_ref idref="oc-142"/>
      </symbol>
      <symbol id="sm-c0d">
         <name>exit</name>
         <value>0x143d8</value>
         <object_component_ref idref="oc-12c"/>
      </symbol>
      <symbol id="sm-c1c">
         <name>__TI_dtors_ptr</name>
         <value>0x269a</value>
         <object_component_ref idref="oc-1b2"/>
      </symbol>
      <symbol id="sm-c1d">
         <name>__TI_cleanup_ptr</name>
         <value>0x2696</value>
         <object_component_ref idref="oc-1b5"/>
      </symbol>
      <symbol id="sm-c39">
         <name>__TI_doflush</name>
         <value>0x135be</value>
         <object_component_ref idref="oc-42d"/>
      </symbol>
      <symbol id="sm-c3a">
         <name>fflush</name>
         <value>0x13ace</value>
         <object_component_ref idref="oc-306"/>
      </symbol>
      <symbol id="sm-c4f">
         <name>__mspabi_fixdul</name>
         <value>0x13556</value>
         <object_component_ref idref="oc-6d0"/>
      </symbol>
      <symbol id="sm-c64">
         <name>__mspabi_fltuld</name>
         <value>0x12e76</value>
         <object_component_ref idref="oc-6c4"/>
      </symbol>
      <symbol id="sm-c81">
         <name>fputs</name>
         <value>0x1222c</value>
         <object_component_ref idref="oc-300"/>
      </symbol>
      <symbol id="sm-ca4">
         <name>__TI_int41</name>
         <value>0xffd2</value>
         <object_component_ref idref="oc-77"/>
      </symbol>
      <symbol id="sm-ca7">
         <name>__TI_int43</name>
         <value>0xffd6</value>
         <object_component_ref idref="oc-79"/>
      </symbol>
      <symbol id="sm-caa">
         <name>__TI_int44</name>
         <value>0xffd8</value>
         <object_component_ref idref="oc-7a"/>
      </symbol>
      <symbol id="sm-cad">
         <name>__TI_int45</name>
         <value>0xffda</value>
         <object_component_ref idref="oc-7b"/>
      </symbol>
      <symbol id="sm-cb0">
         <name>__TI_int48</name>
         <value>0xffe0</value>
         <object_component_ref idref="oc-7e"/>
      </symbol>
      <symbol id="sm-cb3">
         <name>__TI_int50</name>
         <value>0xffe4</value>
         <object_component_ref idref="oc-80"/>
      </symbol>
      <symbol id="sm-cb6">
         <name>__TI_int51</name>
         <value>0xffe6</value>
         <object_component_ref idref="oc-81"/>
      </symbol>
      <symbol id="sm-cb9">
         <name>__TI_int52</name>
         <value>0xffe8</value>
         <object_component_ref idref="oc-82"/>
      </symbol>
      <symbol id="sm-cbc">
         <name>__TI_int54</name>
         <value>0xffec</value>
         <object_component_ref idref="oc-84"/>
      </symbol>
      <symbol id="sm-cbf">
         <name>__TI_int55</name>
         <value>0xffee</value>
         <object_component_ref idref="oc-85"/>
      </symbol>
      <symbol id="sm-cc2">
         <name>__TI_int56</name>
         <value>0xfff0</value>
         <object_component_ref idref="oc-86"/>
      </symbol>
      <symbol id="sm-cc5">
         <name>__TI_int57</name>
         <value>0xfff2</value>
         <object_component_ref idref="oc-87"/>
      </symbol>
      <symbol id="sm-cc8">
         <name>__TI_int58</name>
         <value>0xfff4</value>
         <object_component_ref idref="oc-88"/>
      </symbol>
      <symbol id="sm-ccb">
         <name>__TI_int59</name>
         <value>0xfff6</value>
         <object_component_ref idref="oc-89"/>
      </symbol>
      <symbol id="sm-cce">
         <name>__TI_int60</name>
         <value>0xfff8</value>
         <object_component_ref idref="oc-8a"/>
      </symbol>
      <symbol id="sm-cd1">
         <name>__TI_int61</name>
         <value>0xfffa</value>
         <object_component_ref idref="oc-8b"/>
      </symbol>
      <symbol id="sm-cd4">
         <name>__TI_int62</name>
         <value>0xfffc</value>
         <object_component_ref idref="oc-8c"/>
      </symbol>
      <symbol id="sm-cdc">
         <name>__TI_ISR_TRAP</name>
         <value>0x4564</value>
         <object_component_ref idref="oc-f0"/>
      </symbol>
      <symbol id="sm-d39">
         <name>lseek</name>
         <value>0x14020</value>
         <object_component_ref idref="oc-655"/>
      </symbol>
      <symbol id="sm-d3a">
         <name>write</name>
         <value>0x1409c</value>
         <object_component_ref idref="oc-433"/>
      </symbol>
      <symbol id="sm-d3b">
         <name>close</name>
         <value>0x13966</value>
         <object_component_ref idref="oc-78c"/>
      </symbol>
      <symbol id="sm-d3c">
         <name>unlink</name>
         <value>0x1431e</value>
         <object_component_ref idref="oc-793"/>
      </symbol>
      <symbol id="sm-d45">
         <name>__mspabi_slli</name>
         <value>0x149ce</value>
         <object_component_ref idref="oc-16b"/>
      </symbol>
      <symbol id="sm-d55">
         <name>__mspabi_slll_9</name>
         <value>0x13fbc</value>
         <object_component_ref idref="oc-611"/>
      </symbol>
      <symbol id="sm-d56">
         <name>__mspabi_slll_8</name>
         <value>0x13fc0</value>
         <object_component_ref idref="oc-611"/>
      </symbol>
      <symbol id="sm-d57">
         <name>__mspabi_slll_7</name>
         <value>0x13fc4</value>
         <object_component_ref idref="oc-611"/>
      </symbol>
      <symbol id="sm-d58">
         <name>__mspabi_slll_6</name>
         <value>0x13fc8</value>
         <object_component_ref idref="oc-611"/>
      </symbol>
      <symbol id="sm-d59">
         <name>__mspabi_slll_5</name>
         <value>0x13fcc</value>
         <object_component_ref idref="oc-611"/>
      </symbol>
      <symbol id="sm-d5a">
         <name>__mspabi_slll_4</name>
         <value>0x13fd0</value>
         <object_component_ref idref="oc-611"/>
      </symbol>
      <symbol id="sm-d5b">
         <name>__mspabi_slll_3</name>
         <value>0x13fd4</value>
         <object_component_ref idref="oc-611"/>
      </symbol>
      <symbol id="sm-d5c">
         <name>__mspabi_slll_2</name>
         <value>0x13fd8</value>
         <object_component_ref idref="oc-611"/>
      </symbol>
      <symbol id="sm-d5d">
         <name>__mspabi_slll_1</name>
         <value>0x13fdc</value>
         <object_component_ref idref="oc-611"/>
      </symbol>
      <symbol id="sm-d5e">
         <name>__mspabi_slll</name>
         <value>0x14958</value>
         <object_component_ref idref="oc-616"/>
      </symbol>
      <symbol id="sm-d5f">
         <name>__mspabi_slll_15</name>
         <value>0x13fa4</value>
         <object_component_ref idref="oc-611"/>
      </symbol>
      <symbol id="sm-d60">
         <name>__mspabi_slll_14</name>
         <value>0x13fa8</value>
         <object_component_ref idref="oc-611"/>
      </symbol>
      <symbol id="sm-d61">
         <name>__mspabi_slll_13</name>
         <value>0x13fac</value>
         <object_component_ref idref="oc-611"/>
      </symbol>
      <symbol id="sm-d62">
         <name>__mspabi_slll_12</name>
         <value>0x13fb0</value>
         <object_component_ref idref="oc-611"/>
      </symbol>
      <symbol id="sm-d63">
         <name>__mspabi_slll_11</name>
         <value>0x13fb4</value>
         <object_component_ref idref="oc-611"/>
      </symbol>
      <symbol id="sm-d64">
         <name>__mspabi_slll_10</name>
         <value>0x13fb8</value>
         <object_component_ref idref="oc-611"/>
      </symbol>
      <symbol id="sm-d6d">
         <name>__mspabi_srli</name>
         <value>0x149d8</value>
         <object_component_ref idref="oc-6ea"/>
      </symbol>
      <symbol id="sm-d7d">
         <name>__mspabi_srll_8</name>
         <value>0x13ffe</value>
         <object_component_ref idref="oc-6d6"/>
      </symbol>
      <symbol id="sm-d7e">
         <name>__mspabi_srll_9</name>
         <value>0x13ffa</value>
         <object_component_ref idref="oc-6d6"/>
      </symbol>
      <symbol id="sm-d7f">
         <name>__mspabi_srll_6</name>
         <value>0x14006</value>
         <object_component_ref idref="oc-6d6"/>
      </symbol>
      <symbol id="sm-d80">
         <name>__mspabi_srll_7</name>
         <value>0x14002</value>
         <object_component_ref idref="oc-6d6"/>
      </symbol>
      <symbol id="sm-d81">
         <name>__mspabi_srll_4</name>
         <value>0x1400e</value>
         <object_component_ref idref="oc-6d6"/>
      </symbol>
      <symbol id="sm-d82">
         <name>__mspabi_srll_5</name>
         <value>0x1400a</value>
         <object_component_ref idref="oc-6d6"/>
      </symbol>
      <symbol id="sm-d83">
         <name>__mspabi_srll_2</name>
         <value>0x14016</value>
         <object_component_ref idref="oc-6d6"/>
      </symbol>
      <symbol id="sm-d84">
         <name>__mspabi_srll_3</name>
         <value>0x14012</value>
         <object_component_ref idref="oc-6d6"/>
      </symbol>
      <symbol id="sm-d85">
         <name>__mspabi_srll_1</name>
         <value>0x1401a</value>
         <object_component_ref idref="oc-6d6"/>
      </symbol>
      <symbol id="sm-d86">
         <name>__mspabi_srll_15</name>
         <value>0x13fe2</value>
         <object_component_ref idref="oc-6d6"/>
      </symbol>
      <symbol id="sm-d87">
         <name>__mspabi_srll_14</name>
         <value>0x13fe6</value>
         <object_component_ref idref="oc-6d6"/>
      </symbol>
      <symbol id="sm-d88">
         <name>__mspabi_srll_13</name>
         <value>0x13fea</value>
         <object_component_ref idref="oc-6d6"/>
      </symbol>
      <symbol id="sm-d89">
         <name>__mspabi_srll_12</name>
         <value>0x13fee</value>
         <object_component_ref idref="oc-6d6"/>
      </symbol>
      <symbol id="sm-d8a">
         <name>__mspabi_srll_11</name>
         <value>0x13ff2</value>
         <object_component_ref idref="oc-6d6"/>
      </symbol>
      <symbol id="sm-d8b">
         <name>__mspabi_srll_10</name>
         <value>0x13ff6</value>
         <object_component_ref idref="oc-6d6"/>
      </symbol>
      <symbol id="sm-d8c">
         <name>__mspabi_srll</name>
         <value>0x14968</value>
         <object_component_ref idref="oc-394"/>
      </symbol>
      <symbol id="sm-d9b">
         <name>ltoa</name>
         <value>0x12cfc</value>
         <object_component_ref idref="oc-399"/>
      </symbol>
      <symbol id="sm-daa">
         <name>memchr</name>
         <value>0x14852</value>
         <object_component_ref idref="oc-427"/>
      </symbol>
      <symbol id="sm-db8">
         <name>memcpy</name>
         <value>0x148ec</value>
         <object_component_ref idref="oc-d6"/>
      </symbol>
      <symbol id="sm-dc6">
         <name>memset</name>
         <value>0x14868</value>
         <object_component_ref idref="oc-36d"/>
      </symbol>
      <symbol id="sm-de7">
         <name>__mspabi_mpyd</name>
         <value>0x10f02</value>
         <object_component_ref idref="oc-6ca"/>
      </symbol>
      <symbol id="sm-dfd">
         <name>__mspabi_mpyi_f5hw</name>
         <value>0x14894</value>
         <object_component_ref idref="oc-326"/>
      </symbol>
      <symbol id="sm-e1f">
         <name>__mspabi_mpyl_f5hw</name>
         <value>0x14654</value>
         <object_component_ref idref="oc-3b1"/>
      </symbol>
      <symbol id="sm-e35">
         <name>_system_pre_init</name>
         <value>0x14a38</value>
         <object_component_ref idref="oc-11a"/>
      </symbol>
      <symbol id="sm-e44">
         <name>strchr</name>
         <value>0x1476e</value>
         <object_component_ref idref="oc-7e3"/>
      </symbol>
      <symbol id="sm-e52">
         <name>strcmp</name>
         <value>0x1478a</value>
         <object_component_ref idref="oc-800"/>
      </symbol>
      <symbol id="sm-e5f">
         <name>strlen</name>
         <value>0x14986</value>
         <object_component_ref idref="oc-421"/>
      </symbol>
      <symbol id="sm-e6f">
         <name>strncpy</name>
         <value>0x142bc</value>
         <object_component_ref idref="oc-7e9"/>
      </symbol>
      <symbol id="sm-eaa">
         <name>HOSTrename</name>
         <value>0x12fd8</value>
         <object_component_ref idref="oc-749"/>
      </symbol>
      <symbol id="sm-eab">
         <name>HOSTclose</name>
         <value>0x13c2c</value>
         <object_component_ref idref="oc-72b"/>
      </symbol>
      <symbol id="sm-eac">
         <name>HOSTunlink</name>
         <value>0x13d54</value>
         <object_component_ref idref="oc-743"/>
      </symbol>
      <symbol id="sm-ead">
         <name>HOSTlseek</name>
         <value>0x12a0a</value>
         <object_component_ref idref="oc-73d"/>
      </symbol>
      <symbol id="sm-eae">
         <name>HOSTopen</name>
         <value>0x130bc</value>
         <object_component_ref idref="oc-725"/>
      </symbol>
      <symbol id="sm-eaf">
         <name>HOSTwrite</name>
         <value>0x132de</value>
         <object_component_ref idref="oc-737"/>
      </symbol>
      <symbol id="sm-eb0">
         <name>HOSTread</name>
         <value>0x13486</value>
         <object_component_ref idref="oc-731"/>
      </symbol>
      <symbol id="sm-ece">
         <name>__TI_readmsg</name>
         <value>0x14258</value>
         <object_component_ref idref="oc-7a4"/>
      </symbol>
      <symbol id="sm-ecf">
         <name>C$$IO$$</name>
         <value>0x141b2</value>
         <object_component_ref idref="oc-79e"/>
      </symbol>
      <symbol id="sm-ed0">
         <name>_CIOBUF_</name>
         <value>0x286e</value>
         <object_component_ref idref="oc-7d8"/>
      </symbol>
      <symbol id="sm-ed1">
         <name>__TI_writemsg</name>
         <value>0x14180</value>
         <object_component_ref idref="oc-79e"/>
      </symbol>
      <symbol id="sm-ee9">
         <name>__TI_wrt_ok</name>
         <value>0x12d7c</value>
         <object_component_ref idref="oc-41b"/>
      </symbol>
      <symbol id="sm-eff">
         <name>_nop</name>
         <value>0x14a40</value>
         <object_component_ref idref="oc-284"/>
      </symbol>
      <symbol id="sm-f00">
         <name>_lock</name>
         <value>0x269e</value>
         <object_component_ref idref="oc-1af"/>
      </symbol>
      <symbol id="sm-f01">
         <name>_unlock</name>
         <value>0x26a2</value>
         <object_component_ref idref="oc-1b8"/>
      </symbol>
      <symbol id="sm-f0b">
         <name>abs</name>
         <value>0x149c4</value>
         <object_component_ref idref="oc-521"/>
      </symbol>
      <symbol id="sm-f15">
         <name>__mspabi_sral_15</name>
         <value>0x13f66</value>
         <object_component_ref idref="oc-7c3"/>
      </symbol>
      <symbol id="sm-f16">
         <name>__mspabi_sral_14</name>
         <value>0x13f6a</value>
         <object_component_ref idref="oc-7c3"/>
      </symbol>
      <symbol id="sm-f17">
         <name>__mspabi_sral_13</name>
         <value>0x13f6e</value>
         <object_component_ref idref="oc-7c3"/>
      </symbol>
      <symbol id="sm-f18">
         <name>__mspabi_sral_12</name>
         <value>0x13f72</value>
         <object_component_ref idref="oc-7c3"/>
      </symbol>
      <symbol id="sm-f19">
         <name>__mspabi_sral_11</name>
         <value>0x13f76</value>
         <object_component_ref idref="oc-7c3"/>
      </symbol>
      <symbol id="sm-f1a">
         <name>__mspabi_sral_10</name>
         <value>0x13f7a</value>
         <object_component_ref idref="oc-7c3"/>
      </symbol>
      <symbol id="sm-f1b">
         <name>__mspabi_sral_8</name>
         <value>0x13f82</value>
         <object_component_ref idref="oc-7c3"/>
      </symbol>
      <symbol id="sm-f1c">
         <name>__mspabi_sral_9</name>
         <value>0x13f7e</value>
         <object_component_ref idref="oc-7c3"/>
      </symbol>
      <symbol id="sm-f1d">
         <name>__mspabi_sral_6</name>
         <value>0x13f8a</value>
         <object_component_ref idref="oc-7c3"/>
      </symbol>
      <symbol id="sm-f1e">
         <name>__mspabi_sral_7</name>
         <value>0x13f86</value>
         <object_component_ref idref="oc-7c3"/>
      </symbol>
      <symbol id="sm-f1f">
         <name>__mspabi_sral_4</name>
         <value>0x13f92</value>
         <object_component_ref idref="oc-7c3"/>
      </symbol>
      <symbol id="sm-f20">
         <name>__mspabi_sral_5</name>
         <value>0x13f8e</value>
         <object_component_ref idref="oc-7c3"/>
      </symbol>
      <symbol id="sm-f21">
         <name>__mspabi_sral_2</name>
         <value>0x13f9a</value>
         <object_component_ref idref="oc-7c3"/>
      </symbol>
      <symbol id="sm-f22">
         <name>__mspabi_sral_3</name>
         <value>0x13f96</value>
         <object_component_ref idref="oc-7c3"/>
      </symbol>
      <symbol id="sm-f23">
         <name>__mspabi_sral_1</name>
         <value>0x13f9e</value>
         <object_component_ref idref="oc-7c3"/>
      </symbol>
      <symbol id="sm-f3f">
         <name>_auto_init_hold_wdt</name>
         <value>0x13272</value>
         <object_component_ref idref="oc-120"/>
      </symbol>
      <symbol id="sm-f50">
         <name>__TI_frcmpyd</name>
         <value>0x10c1e</value>
         <object_component_ref idref="oc-770"/>
      </symbol>
      <symbol id="sm-f60">
         <name>fseek</name>
         <value>0x1341c</value>
         <object_component_ref idref="oc-56a"/>
      </symbol>
      <symbol id="sm-f78">
         <name>setvbuf</name>
         <value>0x1240a</value>
         <object_component_ref idref="oc-570"/>
      </symbol>
      <symbol id="sm-f85">
         <name>strcpy</name>
         <value>0x14926</value>
         <object_component_ref idref="oc-7b0"/>
      </symbol>
      <symbol id="sm-f91">
         <name>__TI_cleanup</name>
         <value>0x1414a</value>
         <object_component_ref idref="oc-669"/>
      </symbol>
      <symbol id="sm-fdc">
         <name>_sys_memory</name>
         <value>0x2990</value>
         <object_component_ref idref="oc-d3"/>
      </symbol>
      <symbol id="sm-fdd">
         <name>free</name>
         <value>0x12c6e</value>
         <object_component_ref idref="oc-65d"/>
      </symbol>
      <symbol id="sm-fde">
         <name>malloc</name>
         <value>0x12754</value>
         <object_component_ref idref="oc-663"/>
      </symbol>
      <symbol id="sm-fdf">
         <name>minit</name>
         <value>0x13e66</value>
         <object_component_ref idref="oc-715"/>
      </symbol>
      <symbol id="sm-ff0">
         <name>__TI_closefile</name>
         <value>0x1304c</value>
         <object_component_ref idref="oc-71c"/>
      </symbol>
      <symbol id="sm-ff3">
         <name>__TI_INITARRAY_Base</name>
         <value>0x0</value>
      </symbol>
      <symbol id="sm-ff4">
         <name>__TI_INITARRAY_Limit</name>
         <value>0x0</value>
      </symbol>
      <symbol id="sm-ff5">
         <name>remove</name>
         <value>0x1431e</value>
      </symbol>
   </symbol_table>
   <title>Link successful</title>
</link_info>
